\BOOKMARK [1][-]{section.1}{\376\377\0001\000\040\000I\000n\000t\000r\000o\000d\000u\000c\000t\000i\000o\000n}{}% 1
\BOOKMARK [1][-]{section.2}{\376\377\0002\000\040\000T\000w\000o\000-\000t\000e\000r\000m\000i\000n\000a\000l\000\040\000e\000l\000e\000m\000e\000n\000t\000s\000\040\000a\000n\000d\000\040\000r\000e\000f\000e\000r\000e\000n\000c\000e\000\040\000d\000i\000r\000e\000c\000t\000i\000o\000n\000\040\000s\000y\000s\000t\000e\000m\000s}{}% 2
\BOOKMARK [2][-]{subsection.2.1}{\376\377\0002\000.\0001\000\040\000T\000w\000o\000-\000t\000e\000r\000m\000i\000n\000a\000l\000\040\000e\000l\000e\000m\000e\000n\000t\000s}{section.2}% 3
\BOOKMARK [2][-]{subsection.2.2}{\376\377\0002\000.\0002\000\040\000R\000e\000f\000e\000r\000e\000n\000c\000e\000\040\000d\000i\000r\000e\000c\000t\000i\000o\000n\000\040\000s\000y\000s\000t\000e\000m\000s}{section.2}% 4
\BOOKMARK [2][-]{subsection.2.3}{\376\377\0002\000.\0003\000\040\000T\000h\000e\000\040\000f\000u\000n\000d\000a\000m\000e\000n\000t\000a\000l\000\040\000c\000i\000r\000c\000u\000i\000t}{section.2}% 5
\BOOKMARK [1][-]{section.3}{\376\377\0003\000\040\000K\000i\000r\000c\000h\000h\000o\000f\000f\000'\000s\000\040\000l\000a\000w\000s}{}% 6
\BOOKMARK [2][-]{subsection.3.1}{\376\377\0003\000.\0001\000\040\000N\000o\000d\000e\000\040\000r\000u\000l\000e\000\040\000I\000\040\000\050\0001\000.\000\040\000K\000i\000r\000c\000h\000h\000o\000f\000f\000\040\000r\000u\000l\000e\000\051}{section.3}% 7
\BOOKMARK [2][-]{subsection.3.2}{\376\377\0003\000.\0002\000\040\000A\000p\000p\000l\000i\000c\000a\000t\000i\000o\000n\000\040\000c\000a\000s\000e\000\040\000n\000o\000d\000e\000\040\000r\000u\000l\000e\000:\000\040\000P\000a\000r\000a\000l\000l\000e\000l\000\040\000c\000o\000n\000n\000e\000c\000t\000i\000o\000n\000\040\000o\000f\000\040\000r\000e\000s\000i\000s\000t\000o\000r\000s}{section.3}% 8
\BOOKMARK [2][-]{subsection.3.3}{\376\377\0003\000.\0003\000\040\000M\000e\000s\000h\000\040\000r\000u\000l\000e\000\040\000\050\000K\000i\000r\000c\000h\000h\000o\000f\000f\000'\000s\000\040\000s\000e\000c\000o\000n\000d\000\040\000l\000a\000w\000\051}{section.3}% 9
\BOOKMARK [2][-]{subsection.3.4}{\376\377\0003\000.\0004\000\040\000A\000p\000p\000l\000i\000c\000a\000t\000i\000o\000n\000\040\000c\000a\000s\000e\000\040\000m\000e\000s\000h\000\040\000r\000u\000l\000e\000:\000\040\000S\000e\000r\000i\000e\000s\000\040\000c\000o\000n\000n\000e\000c\000t\000i\000o\000n\000\040\000o\000f\000\040\000r\000e\000s\000i\000s\000t\000o\000r\000s}{section.3}% 10
\BOOKMARK [1][-]{section.4}{\376\377\0004\000\040\000S\000i\000m\000p\000l\000e\000\040\000r\000e\000s\000i\000s\000t\000o\000r\000\040\000n\000e\000t\000w\000o\000r\000k\000s}{}% 11
\BOOKMARK [2][-]{subsection.4.1}{\376\377\0004\000.\0001\000\040\000S\000e\000r\000i\000e\000s\000\040\000c\000o\000n\000n\000e\000c\000t\000i\000o\000n\000\040\000o\000f\000\040\000r\000e\000s\000i\000s\000t\000o\000r\000s}{section.4}% 12
\BOOKMARK [2][-]{subsection.4.2}{\376\377\0004\000.\0002\000\040\000P\000a\000r\000a\000l\000l\000e\000l\000\040\000c\000o\000n\000n\000e\000c\000t\000i\000o\000n\000\040\000o\000f\000\040\000r\000e\000s\000i\000s\000t\000o\000r\000s}{section.4}% 13
\BOOKMARK [2][-]{subsection.4.3}{\376\377\0004\000.\0003\000\040\000V\000o\000l\000t\000a\000g\000e\000\040\000d\000i\000v\000i\000d\000e\000r\000\040\000o\000n\000\040\000r\000e\000s\000i\000s\000t\000o\000r\000s}{section.4}% 14
\BOOKMARK [3][-]{subsubsection.4.3.1}{\376\377\0004\000.\0003\000.\0001\000\040\000T\000h\000e\000\040\000u\000n\000b\000a\000l\000a\000n\000c\000e\000d\000\040\000v\000o\000l\000t\000a\000g\000e\000\040\000d\000i\000v\000i\000d\000e\000r}{subsection.4.3}% 15
\BOOKMARK [3][-]{subsubsection.4.3.2}{\376\377\0004\000.\0003\000.\0002\000\040\000T\000h\000e\000\040\000l\000o\000a\000d\000e\000d\000\040\000v\000o\000l\000t\000a\000g\000e\000\040\000d\000i\000v\000i\000d\000e\000r}{subsection.4.3}% 16
\BOOKMARK [2][-]{subsection.4.4}{\376\377\0004\000.\0004\000\040\000C\000u\000r\000r\000e\000n\000t\000\040\000d\000i\000v\000i\000d\000e\000r\000s\000\040\000i\000n\000\040\000r\000e\000s\000i\000s\000t\000o\000r\000\040\000n\000e\000t\000w\000o\000r\000k\000s}{section.4}% 17
\BOOKMARK [2][-]{subsection.4.5}{\376\377\0004\000.\0005\000\040\000S\000p\000e\000c\000i\000a\000l\000\040\000o\000p\000e\000r\000a\000t\000i\000n\000g\000\040\000c\000o\000n\000d\000i\000t\000i\000o\000n\000s\000\040\000f\000o\000r\000\040\000a\000c\000t\000i\000v\000e\000\040\000t\000w\000o\000-\000p\000o\000l\000e\000\040\000s\000y\000s\000t\000e\000m\000s}{section.4}% 18
\BOOKMARK [3][-]{subsubsection.4.5.1}{\376\377\0004\000.\0005\000.\0001\000\040\000S\000h\000o\000r\000t\000-\000c\000i\000r\000c\000u\000i\000t\000\040\000a\000n\000d\000\040\000n\000o\000-\000l\000o\000a\000d\000\040\000t\000e\000s\000t\000\040\000o\000n\000\040\000t\000h\000e\000\040\000r\000e\000p\000l\000a\000c\000e\000m\000e\000n\000t\000\040\000v\000o\000l\000t\000a\000g\000e\000\040\000s\000o\000u\000r\000c\000e}{subsection.4.5}% 19
\BOOKMARK [3][-]{subsubsection.4.5.2}{\376\377\0004\000.\0005\000.\0002\000\040\000S\000h\000o\000r\000t\000-\000c\000i\000r\000c\000u\000i\000t\000\040\000a\000n\000d\000\040\000n\000o\000-\000l\000o\000a\000d\000\040\000t\000e\000s\000t\000\040\000o\000n\000\040\000t\000h\000e\000\040\000e\000m\000e\000r\000g\000e\000n\000c\000y\000\040\000p\000o\000w\000e\000r\000\040\000s\000o\000u\000r\000c\000e}{subsection.4.5}% 20
\BOOKMARK [3][-]{subsubsection.4.5.3}{\376\377\0004\000.\0005\000.\0003\000\040\000C\000o\000n\000v\000e\000r\000s\000i\000o\000n\000\040\000o\000f\000\040\000v\000o\000l\000t\000a\000g\000e\000\040\000a\000n\000d\000\040\000c\000u\000r\000r\000e\000n\000t\000\040\000s\000o\000u\000r\000c\000e\000s}{subsection.4.5}% 21
\BOOKMARK [1][-]{section.5}{\376\377\0005\000\040\000S\000i\000m\000p\000l\000e\000\040\000c\000a\000p\000a\000c\000i\000t\000o\000r\000\040\000n\000e\000t\000w\000o\000r\000k\000s}{}% 22
\BOOKMARK [2][-]{subsection.5.1}{\376\377\0005\000.\0001\000\040\000P\000a\000r\000a\000l\000l\000e\000l\000\040\000c\000o\000n\000n\000e\000c\000t\000i\000o\000n\000\040\000o\000f\000\040\000c\000a\000p\000a\000c\000i\000t\000i\000e\000s}{section.5}% 23
\BOOKMARK [2][-]{subsection.5.2}{\376\377\0005\000.\0002\000\040\000S\000e\000r\000i\000e\000s\000\040\000c\000o\000n\000n\000e\000c\000t\000i\000o\000n\000\040\000o\000f\000\040\000c\000a\000p\000a\000c\000i\000t\000a\000n\000c\000e\000s}{section.5}% 24
\BOOKMARK [2][-]{subsection.5.3}{\376\377\0005\000.\0003\000\040\000V\000o\000l\000t\000a\000g\000e\000\040\000d\000i\000v\000i\000d\000e\000r\000\040\000o\000n\000\040\000c\000a\000p\000a\000c\000i\000t\000a\000n\000c\000e\000s}{section.5}% 25
\BOOKMARK [1][-]{section.6}{\376\377\0006\000\040\000M\000e\000a\000s\000u\000r\000i\000n\000g\000\040\000c\000u\000r\000r\000e\000n\000t\000\040\000a\000n\000d\000\040\000v\000o\000l\000t\000a\000g\000e}{}% 26
\BOOKMARK [2][-]{subsection.6.1}{\376\377\0006\000.\0001\000\040\000V\000o\000l\000t\000a\000g\000e\000\040\000m\000e\000a\000s\000u\000r\000e\000m\000e\000n\000t\000\040\000i\000n\000\040\000a\000\040\000d\000i\000r\000e\000c\000t\000\040\000c\000u\000r\000r\000e\000n\000t\000\040\000c\000i\000r\000c\000u\000i\000t}{section.6}% 27
\BOOKMARK [2][-]{subsection.6.2}{\376\377\0006\000.\0002\000\040\000C\000u\000r\000r\000e\000n\000t\000\040\000m\000e\000a\000s\000u\000r\000e\000m\000e\000n\000t\000\040\000i\000n\000\040\000a\000\040\000d\000i\000r\000e\000c\000t\000\040\000c\000u\000r\000r\000e\000n\000t\000\040\000c\000i\000r\000c\000u\000i\000t}{section.6}% 28
\BOOKMARK [2][-]{subsection.6.3}{\376\377\0006\000.\0003\000\040\000C\000o\000r\000r\000e\000c\000t\000\040\000m\000e\000a\000s\000u\000r\000e\000m\000e\000n\000t\000\040\000o\000f\000\040\000c\000u\000r\000r\000e\000n\000t\000\040\000a\000n\000d\000\040\000v\000o\000l\000t\000a\000g\000e}{section.6}% 29
\BOOKMARK [3][-]{subsubsection.6.3.1}{\376\377\0006\000.\0003\000.\0001\000\040\000C\000o\000r\000r\000e\000c\000t\000\040\000m\000e\000a\000s\000u\000r\000e\000m\000e\000n\000t\000\040\000o\000f\000\040\000e\000l\000e\000c\000t\000r\000i\000c\000i\000t\000y}{subsection.6.3}% 30
\BOOKMARK [3][-]{subsubsection.6.3.2}{\376\377\0006\000.\0003\000.\0002\000\040\000C\000o\000r\000r\000e\000c\000t\000\040\000v\000o\000l\000t\000a\000g\000e\000\040\000m\000e\000a\000s\000u\000r\000e\000m\000e\000n\000t}{subsection.6.3}% 31
\BOOKMARK [1][-]{appendix.A}{\376\377\000A\000\040\000E\000x\000e\000r\000c\000i\000s\000e\000\040\000t\000a\000s\000k\000s}{}% 32
\BOOKMARK [2][-]{subsection.A.1}{\376\377\000A\000.\0001\000\040\000K\000i\000r\000c\000h\000h\000o\000f\000f\000'\000s\000\040\000l\000a\000w\000s}{appendix.A}% 33
\BOOKMARK [2][-]{subsection.A.2}{\376\377\000A\000.\0002\000\040\000K\000i\000r\000c\000h\000h\000o\000f\000f\000'\000s\000\040\000l\000a\000w\000s\000\040\0002}{appendix.A}% 34
\BOOKMARK [2][-]{subsection.A.3}{\376\377\000A\000.\0003\000\040\000K\000i\000r\000c\000h\000h\000o\000f\000f\000'\000s\000\040\000l\000a\000w\000s\000\040\0003}{appendix.A}% 35
\BOOKMARK [2][-]{subsection.A.4}{\376\377\000A\000.\0004\000\040\000K\000i\000r\000c\000h\000h\000o\000f\000f\000'\000s\000\040\000l\000a\000w\000s\000\040\0004}{appendix.A}% 36
\BOOKMARK [1][-]{appendix.B}{\376\377\000B\000\040\000S\000o\000l\000u\000t\000i\000o\000n\000s\000\040\000t\000o\000\040\000e\000x\000e\000r\000c\000i\000s\000e\000\040\000t\000a\000s\000k\000s}{}% 37
\BOOKMARK [2][-]{subsection.B.1}{\376\377\000B\000.\0001\000\040\000K\000i\000r\000c\000h\000h\000o\000f\000f\000'\000s\000\040\000l\000a\000w\000s}{appendix.B}% 38
\BOOKMARK [2][-]{subsection.B.2}{\376\377\000B\000.\0002\000\040\000K\000i\000r\000c\000h\000h\000o\000f\000f\000'\000s\000\040\000l\000a\000w\000s\000\040\0002}{appendix.B}% 39
\BOOKMARK [2][-]{subsection.B.3}{\376\377\000B\000.\0003\000\040\000K\000i\000r\000c\000h\000h\000o\000f\000f\000'\000s\000\040\000l\000a\000w\000s\000\040\0003}{appendix.B}% 40
\BOOKMARK [2][-]{subsection.B.4}{\376\377\000B\000.\0004\000\040\000K\000i\000r\000c\000h\000h\000o\000f\000f\000'\000s\000\040\000l\000a\000w\000s\000\040\0004}{appendix.B}% 41
\BOOKMARK [1][-]{section*.44}{\376\377\000I\000n\000d\000e\000x}{}% 42
