\BOOKMARK [1][-]{section.1}{\376\377\0001\000\040\000I\000n\000t\000r\000o\000d\000u\000c\000t\000i\000o\000n}{}% 1
\BOOKMARK [1][-]{section.2}{\376\377\0002\000\040\000K\000n\000o\000t\000e\000n\000-\000\040\000u\000n\000d\000\040\000M\000a\000s\000c\000h\000e\000n\000a\000n\000a\000l\000y\000s\000e}{}% 2
\BOOKMARK [2][-]{subsection.2.1}{\376\377\0002\000.\0001\000\040\000S\000t\000r\000o\000m\000d\000i\000c\000h\000t\000e\000\040\000i\000m\000\040\000f\000r\000e\000i\000e\000n\000\040\000R\000a\000u\000m}{section.2}% 3
\BOOKMARK [2][-]{subsection.2.2}{\376\377\0002\000.\0002\000\040\000S\000t\000r\000o\000m\000d\000i\000c\000h\000t\000e\000\040\000i\000m\000\040\000s\000t\000r\000u\000k\000t\000u\000r\000i\000e\000r\000t\000e\000n\000\040\000R\000a\000u\000m}{section.2}% 4
\BOOKMARK [2][-]{subsection.2.3}{\376\377\0002\000.\0003\000\040\000E\000x\000k\000u\000r\000s\000:\000\040\000G\000r\000a\000p\000h\000e\000n\000t\000h\000e\000o\000r\000i\000e}{section.2}% 5
\BOOKMARK [2][-]{subsection.2.4}{\376\377\0002\000.\0004\000\040\000K\000n\000o\000t\000e\000n\000,\000\040\000Z\000w\000e\000i\000g\000,\000\040\000M\000a\000s\000c\000h\000e}{section.2}% 6
\BOOKMARK [2][-]{subsection.2.5}{\376\377\0002\000.\0005\000\040\000D\000e\000r\000\040\000v\000o\000l\000l\000s\000t\000\344\000n\000d\000i\000g\000e\000\040\000B\000a\000u\000m}{section.2}% 7
\BOOKMARK [2][-]{subsection.2.6}{\376\377\0002\000.\0006\000\040\000K\000n\000o\000t\000e\000n\000r\000e\000g\000e\000l}{section.2}% 8
\BOOKMARK [2][-]{subsection.2.7}{\376\377\0002\000.\0007\000\040\000M\000a\000s\000c\000h\000e\000n\000r\000e\000g\000e\000l}{section.2}% 9
\BOOKMARK [2][-]{subsection.2.8}{\376\377\0002\000.\0008\000\040\000K\000n\000o\000t\000e\000n\000-\000\040\000u\000n\000d\000\040\000M\000a\000s\000c\000h\000e\000n\000a\000n\000a\000l\000y\000s\000e}{section.2}% 10
\BOOKMARK [1][-]{section.3}{\376\377\0003\000\040\000S\000u\000p\000e\000r\000p\000o\000s\000i\000t\000i\000o\000n\000s\000p\000r\000i\000n\000z\000i\000p}{}% 11
\BOOKMARK [2][-]{subsection.3.1}{\376\377\0003\000.\0001\000\040\000E\000x\000k\000u\000r\000s\000\040\000S\000y\000s\000t\000e\000m\000t\000h\000e\000o\000r\000i\000e}{section.3}% 12
\BOOKMARK [2][-]{subsection.3.2}{\376\377\0003\000.\0002\000\040\000\334\000b\000e\000r\000l\000a\000g\000e\000r\000u\000n\000g\000s\000s\000a\000t\000z}{section.3}% 13
\BOOKMARK [1][-]{section.4}{\376\377\0004\000\040\000K\000n\000o\000t\000e\000n\000p\000o\000t\000e\000n\000t\000i\000a\000l\000v\000e\000r\000f\000a\000h\000r\000e\000n}{}% 14
\BOOKMARK [2][-]{subsection.4.1}{\376\377\0004\000.\0001\000\040\000V\000o\000r\000b\000e\000r\000e\000i\000t\000u\000n\000g\000\040\000d\000e\000s\000\040\000N\000e\000t\000z\000w\000e\000r\000k\000e\000s}{section.4}% 15
\BOOKMARK [2][-]{subsection.4.2}{\376\377\0004\000.\0002\000\040\000B\000e\000s\000t\000i\000m\000m\000u\000n\000g\000\040\000d\000e\000r\000\040\000K\000n\000o\000t\000e\000n\000\040\000u\000n\000d\000\040\000d\000e\000r\000\040\000K\000n\000o\000t\000e\000n\000p\000o\000t\000e\000n\000t\000i\000a\000l\000e}{section.4}% 16
\BOOKMARK [2][-]{subsection.4.3}{\376\377\0004\000.\0003\000\040\000Z\000u\000o\000r\000d\000n\000u\000n\000g\000\040\000d\000e\000r\000\040\000Q\000u\000e\000l\000l\000s\000t\000r\000\366\000m\000e}{section.4}% 17
\BOOKMARK [2][-]{subsection.4.4}{\376\377\0004\000.\0004\000\040\000L\000e\000i\000t\000w\000e\000r\000t\000m\000a\000t\000r\000i\000x}{section.4}% 18
\BOOKMARK [2][-]{subsection.4.5}{\376\377\0004\000.\0005\000\040\000G\000l\000e\000i\000c\000h\000u\000n\000g\000s\000s\000y\000s\000t\000e\000m\000\040\000a\000u\000f\000s\000t\000e\000l\000l\000e\000n}{section.4}% 19
\BOOKMARK [1][-]{section.5}{\376\377\0005\000\040\000M\000a\000s\000c\000h\000e\000n\000s\000t\000r\000o\000m\000v\000e\000r\000f\000a\000h\000r\000e\000n}{}% 20
\BOOKMARK [2][-]{subsection.5.1}{\376\377\0005\000.\0001\000\040\000V\000o\000r\000b\000e\000r\000e\000i\000t\000u\000n\000g\000\040\000d\000e\000s\000\040\000N\000e\000t\000z\000w\000e\000r\000k\000e\000s}{section.5}% 21
\BOOKMARK [2][-]{subsection.5.2}{\376\377\0005\000.\0002\000\040\000M\000a\000s\000c\000h\000e\000n\000\040\000d\000e\000f\000i\000n\000i\000e\000r\000e\000n}{section.5}% 22
\BOOKMARK [2][-]{subsection.5.3}{\376\377\0005\000.\0003\000\040\000W\000i\000d\000e\000r\000s\000t\000a\000n\000d\000s\000m\000a\000t\000r\000i\000x\000\040\000b\000e\000s\000t\000i\000m\000m\000e\000n}{section.5}% 23
\BOOKMARK [2][-]{subsection.5.4}{\376\377\0005\000.\0004\000\040\000Q\000u\000e\000l\000l\000e\000n\000s\000p\000a\000n\000n\000u\000n\000g\000e\000n\000\040\000z\000u\000o\000r\000d\000n\000e\000n}{section.5}% 24
\BOOKMARK [2][-]{subsection.5.5}{\376\377\0005\000.\0005\000\040\000G\000l\000e\000i\000c\000h\000u\000n\000g\000s\000s\000y\000s\000t\000e\000m\000\040\000a\000u\000f\000s\000t\000e\000l\000l\000e\000n}{section.5}% 25
\BOOKMARK [1][-]{appendix.A}{\376\377\000A\000\040\000\334\000b\000u\000n\000g\000s\000a\000u\000f\000g\000a\000b\000e\000n}{}% 26
\BOOKMARK [2][-]{subsection.A.1}{\376\377\000A\000.\0001\000\040\000K\000n\000o\000t\000e\000n\000-\000\040\000u\000n\000d\000\040\000M\000a\000s\000c\000h\000e\000n\000a\000n\000a\000l\000y\000s\000e\000\040\0001}{appendix.A}% 27
\BOOKMARK [2][-]{subsection.A.2}{\376\377\000A\000.\0002\000\040\000K\000n\000o\000t\000e\000n\000-\000\040\000u\000n\000d\000\040\000M\000a\000s\000c\000h\000e\000n\000a\000n\000a\000l\000y\000s\000e\000\040\0002}{appendix.A}% 28
\BOOKMARK [2][-]{subsection.A.3}{\376\377\000A\000.\0003\000\040\000K\000n\000o\000t\000e\000n\000-\000\040\000u\000n\000d\000\040\000M\000a\000s\000c\000h\000e\000n\000a\000n\000a\000l\000y\000s\000e\000\040\0003}{appendix.A}% 29
\BOOKMARK [2][-]{subsection.A.4}{\376\377\000A\000.\0004\000\040\000S\000u\000p\000e\000r\000p\000o\000s\000i\000t\000i\000o\000n\000\040\0001}{appendix.A}% 30
\BOOKMARK [2][-]{subsection.A.5}{\376\377\000A\000.\0005\000\040\000K\000n\000o\000t\000e\000n\000p\000o\000t\000e\000n\000t\000i\000a\000l\000v\000e\000r\000f\000a\000h\000r\000e\000n\000\040\0001}{appendix.A}% 31
\BOOKMARK [2][-]{subsection.A.6}{\376\377\000A\000.\0006\000\040\000K\000n\000o\000t\000e\000n\000p\000o\000t\000e\000n\000t\000i\000a\000l\000v\000e\000r\000f\000a\000h\000r\000e\000n\000\040\0002}{appendix.A}% 32
\BOOKMARK [2][-]{subsection.A.7}{\376\377\000A\000.\0007\000\040\000M\000a\000s\000c\000h\000e\000n\000s\000t\000r\000o\000m\000v\000e\000r\000f\000a\000h\000r\000e\000n\000\040\0001}{appendix.A}% 33
\BOOKMARK [2][-]{subsection.A.8}{\376\377\000A\000.\0008\000\040\000M\000a\000s\000c\000h\000e\000n\000s\000t\000r\000o\000m\000v\000e\000r\000f\000a\000h\000r\000e\000n\000\040\0002}{appendix.A}% 34
\BOOKMARK [1][-]{appendix.B}{\376\377\000B\000\040\000L\000\366\000s\000u\000n\000g\000e\000n\000\040\000z\000u\000\040\000d\000e\000n\000\040\000\334\000b\000u\000n\000g\000s\000a\000u\000f\000g\000a\000b\000e\000n}{}% 35
\BOOKMARK [2][-]{subsection.B.1}{\376\377\000B\000.\0001\000\040\000K\000n\000o\000t\000e\000n\000-\000\040\000u\000n\000d\000\040\000M\000a\000s\000c\000h\000e\000n\000a\000n\000a\000l\000y\000s\000e\000\040\0001}{appendix.B}% 36
\BOOKMARK [2][-]{subsection.B.2}{\376\377\000B\000.\0002\000\040\000K\000n\000o\000t\000e\000n\000-\000\040\000u\000n\000d\000\040\000M\000a\000s\000c\000h\000e\000n\000a\000n\000a\000l\000y\000s\000e\000\040\0002}{appendix.B}% 37
\BOOKMARK [2][-]{subsection.B.3}{\376\377\000B\000.\0003\000\040\000K\000n\000o\000t\000e\000n\000-\000\040\000u\000n\000d\000\040\000M\000a\000s\000c\000h\000e\000n\000a\000n\000a\000l\000y\000s\000e\000\040\0003}{appendix.B}% 38
\BOOKMARK [2][-]{subsection.B.4}{\376\377\000B\000.\0004\000\040\000S\000u\000p\000e\000r\000p\000o\000s\000i\000t\000i\000o\000n\000\040\0001}{appendix.B}% 39
\BOOKMARK [2][-]{subsection.B.5}{\376\377\000B\000.\0005\000\040\000K\000n\000o\000t\000e\000n\000p\000o\000t\000e\000n\000t\000i\000a\000l\000v\000e\000r\000f\000a\000h\000r\000e\000n\000\040\0001}{appendix.B}% 40
\BOOKMARK [2][-]{subsection.B.6}{\376\377\000B\000.\0006\000\040\000K\000n\000o\000t\000e\000n\000p\000o\000t\000e\000n\000t\000i\000a\000l\000v\000e\000r\000f\000a\000h\000r\000e\000n\000\040\0002}{appendix.B}% 41
\BOOKMARK [2][-]{subsection.B.7}{\376\377\000B\000.\0007\000\040\000M\000a\000s\000c\000h\000e\000n\000s\000t\000r\000o\000m\000v\000e\000r\000f\000a\000h\000r\000e\000n\000\040\0001}{appendix.B}% 42
\BOOKMARK [2][-]{subsection.B.8}{\376\377\000B\000.\0008\000\040\000M\000a\000s\000c\000h\000e\000n\000s\000t\000r\000o\000m\000v\000e\000r\000f\000a\000h\000r\000e\000n\000\040\0002}{appendix.B}% 43
