\BOOKMARK [1][-]{section.1}{\376\377\0001\000\040\000I\000n\000t\000r\000o\000d\000u\000c\000t\000i\000o\000n}{}% 1
\BOOKMARK [2][-]{subsection.1.1}{\376\377\0001\000.\0001\000\040\000B\000a\000n\000d\000\040\000m\000o\000d\000e\000l}{section.1}% 2
\BOOKMARK [3][-]{subsubsection.1.1.1}{\376\377\0001\000.\0001\000.\0001\000\040\000C\000l\000a\000s\000s\000i\000f\000i\000c\000a\000t\000i\000o\000n\000\040\000o\000f\000\040\000m\000a\000t\000e\000r\000i\000a\000l\000s}{subsection.1.1}% 3
\BOOKMARK [2][-]{subsection.1.2}{\376\377\0001\000.\0002\000\040\000s\000e\000m\000i\000c\000o\000n\000d\000u\000c\000t\000o\000r\000\040\000m\000a\000t\000e\000r\000i\000a\000l\000s}{section.1}% 4
\BOOKMARK [2][-]{subsection.1.3}{\376\377\0001\000.\0003\000\040\000L\000o\000a\000d\000\040\000c\000a\000r\000r\000i\000e\000r\000\040\000t\000r\000a\000n\000s\000p\000o\000r\000t\000\040}{section.1}% 5
\BOOKMARK [2][-]{subsection.1.4}{\376\377\0001\000.\0004\000\040\000p\000n\000-\000j\000u\000n\000c\000t\000i\000o\000n}{section.1}% 6
\BOOKMARK [1][-]{section.2}{\376\377\0002\000\040\000E\000l\000e\000c\000t\000r\000i\000c\000a\000l\000\040\000c\000o\000m\000p\000o\000n\000e\000n\000t\000s}{}% 7
\BOOKMARK [2][-]{subsection.2.1}{\376\377\0002\000.\0001\000\040\000D\000i\000o\000d\000e}{section.2}% 8
\BOOKMARK [3][-]{subsubsection.2.1.1}{\376\377\0002\000.\0001\000.\0001\000\040\000E\000l\000e\000c\000t\000r\000i\000c\000a\000l\000\040\000b\000e\000h\000a\000v\000i\000o\000u\000r}{subsection.2.1}% 9
\BOOKMARK [3][-]{subsubsection.2.1.2}{\376\377\0002\000.\0001\000.\0002\000\040\000S\000t\000r\000u\000c\000t\000u\000r\000e}{subsection.2.1}% 10
\BOOKMARK [3][-]{subsubsection.2.1.3}{\376\377\0002\000.\0001\000.\0003\000\040\000S\000p\000e\000c\000i\000a\000l\000\040\000d\000i\000o\000d\000e\000s}{subsection.2.1}% 11
\BOOKMARK [3][-]{subsubsection.2.1.4}{\376\377\0002\000.\0001\000.\0004\000\040\000A\000p\000p\000l\000i\000c\000a\000t\000i\000o\000n\000s\000/\000B\000a\000s\000i\000c\000\040\000c\000i\000r\000c\000u\000i\000t\000s}{subsection.2.1}% 12
\BOOKMARK [2][-]{subsection.2.2}{\376\377\0002\000.\0002\000\040\000\040\000B\000i\000p\000o\000l\000a\000r\000\040\000t\000r\000a\000n\000s\000i\000s\000t\000o\000r}{section.2}% 13
\BOOKMARK [3][-]{subsubsection.2.2.1}{\376\377\0002\000.\0002\000.\0001\000\040\000E\000l\000e\000c\000t\000r\000i\000c\000a\000l\000\040\000b\000e\000h\000a\000v\000i\000o\000u\000r}{subsection.2.2}% 14
\BOOKMARK [3][-]{subsubsection.2.2.2}{\376\377\0002\000.\0002\000.\0002\000\040\000O\000p\000e\000r\000a\000t\000i\000n\000g\000\040\000p\000o\000i\000n\000t\000\040\000a\000n\000d\000\040\000s\000m\000a\000l\000l\000-\000s\000i\000g\000n\000a\000l\000\040\000b\000e\000h\000a\000v\000i\000o\000u\000r}{subsection.2.2}% 15
\BOOKMARK [3][-]{subsubsection.2.2.3}{\376\377\0002\000.\0002\000.\0003\000\040\000S\000t\000r\000u\000c\000t\000u\000r\000e}{subsection.2.2}% 16
\BOOKMARK [3][-]{subsubsection.2.2.4}{\376\377\0002\000.\0002\000.\0004\000\040\000A\000p\000p\000l\000i\000c\000a\000t\000i\000o\000n\000/\000B\000a\000s\000i\000c\000\040\000c\000i\000r\000c\000u\000i\000t\000s}{subsection.2.2}% 17
\BOOKMARK [2][-]{subsection.2.3}{\376\377\0002\000.\0003\000\040\000F\000i\000e\000l\000d\000-\000e\000f\000f\000e\000c\000t\000\040\000t\000r\000a\000n\000s\000i\000s\000t\000o\000r}{section.2}% 18
\BOOKMARK [3][-]{subsubsection.2.3.1}{\376\377\0002\000.\0003\000.\0001\000\040\000E\000l\000e\000c\000t\000r\000i\000c\000a\000l\000\040\000b\000e\000h\000a\000v\000i\000o\000u\000r}{subsection.2.3}% 19
\BOOKMARK [3][-]{subsubsection.2.3.2}{\376\377\0002\000.\0003\000.\0002\000\040\000S\000t\000r\000u\000c\000t\000u\000r\000e}{subsection.2.3}% 20
\BOOKMARK [3][-]{subsubsection.2.3.3}{\376\377\0002\000.\0003\000.\0003\000\040\000A\000p\000p\000l\000i\000c\000a\000t\000i\000o\000n\000s\000/\000B\000a\000s\000i\000c\000\040\000c\000i\000r\000c\000u\000i\000t\000s}{subsection.2.3}% 21
\BOOKMARK [1][-]{appendix.A}{\376\377\000A\000\040\000\334\000b\000u\000n\000g\000s\000a\000u\000f\000g\000a\000b\000e\000n}{}% 22
\BOOKMARK [2][-]{subsection.A.1}{\376\377\000A\000.\0001\000\040\000B\000e\000s\000c\000h\000r\000e\000i\000b\000u\000n\000g\000\040\000d\000e\000s\000\040\000B\000\344\000n\000d\000e\000r\000m\000o\000d\000e\000l\000l\000s\000\040}{appendix.A}% 23
\BOOKMARK [2][-]{subsection.A.2}{\376\377\000A\000.\0002\000\040\000D\000i\000e\000\040\000R\000a\000u\000m\000l\000a\000d\000u\000n\000g\000s\000z\000o\000n\000e\000\040\000i\000m\000\040\000p\000n\000-\000\334\000b\000e\000r\000g\000a\000n\000g}{appendix.A}% 24
\BOOKMARK [2][-]{subsection.A.3}{\376\377\000A\000.\0003\000\040\000B\000e\000r\000e\000c\000h\000n\000u\000n\000g\000\040\000d\000e\000s\000\040\000S\000p\000a\000n\000n\000u\000n\000g\000s\000a\000b\000f\000a\000l\000l\000s\000\040\000e\000i\000n\000e\000r\000\040\000D\000i\000o\000d\000e}{appendix.A}% 25
\BOOKMARK [2][-]{subsection.A.4}{\376\377\000A\000.\0004\000\040\000B\000e\000s\000t\000i\000m\000m\000u\000n\000g\000\040\000d\000e\000s\000\040\000A\000r\000b\000e\000i\000t\000s\000p\000u\000n\000k\000t\000s\000\040\000u\000n\000d\000\040\000d\000e\000r\000\040\000L\000e\000i\000s\000t\000u\000n\000g\000\040\000e\000i\000n\000e\000r\000\040\000D\000i\000o\000d\000e}{appendix.A}% 26
\BOOKMARK [2][-]{subsection.A.5}{\376\377\000A\000.\0005\000\040\000D\000i\000m\000e\000n\000s\000i\000o\000n\000i\000e\000r\000u\000n\000g\000\040\000d\000e\000s\000\040\000V\000o\000r\000w\000i\000d\000e\000r\000s\000t\000a\000n\000d\000s\000\040\000e\000i\000n\000e\000r\000\040\000Z\000e\000n\000e\000r\000d\000i\000o\000d\000e}{appendix.A}% 27
\BOOKMARK [2][-]{subsection.A.6}{\376\377\000A\000.\0006\000\040\000E\000i\000n\000s\000a\000t\000z\000\040\000e\000i\000n\000e\000r\000\040\000Z\000e\000n\000e\000r\000d\000i\000o\000d\000e\000\040\000z\000u\000r\000\040\000S\000p\000a\000n\000n\000u\000n\000g\000s\000s\000t\000a\000b\000i\000l\000i\000s\000i\000e\000r\000u\000n\000g}{appendix.A}% 28
\BOOKMARK [2][-]{subsection.A.7}{\376\377\000A\000.\0007\000\040\000E\000r\000m\000i\000t\000t\000l\000u\000n\000g\000\040\000d\000e\000r\000\040\000B\000e\000t\000r\000i\000e\000b\000s\000g\000r\000e\000n\000z\000e\000n\000\040\000e\000i\000n\000e\000r\000\040\000Z\000e\000n\000e\000r\000d\000i\000o\000d\000e}{appendix.A}% 29
\BOOKMARK [2][-]{subsection.A.8}{\376\377\000A\000.\0008\000\040\000E\000i\000n\000s\000a\000t\000z\000\040\000e\000i\000n\000e\000r\000\040\000D\000i\000o\000d\000e\000\040\000z\000u\000r\000\040\000L\000e\000i\000s\000t\000u\000n\000g\000s\000r\000e\000d\000u\000z\000i\000e\000r\000u\000n\000g}{appendix.A}% 30
\BOOKMARK [2][-]{subsection.A.9}{\376\377\000A\000.\0009\000\040\000S\000p\000a\000n\000n\000u\000n\000g\000s\000v\000e\000r\000l\000a\000u\000f\000\040\000i\000n\000\040\000e\000i\000n\000e\000r\000\040\000B\000r\000\374\000c\000k\000e\000n\000g\000l\000e\000i\000c\000h\000r\000i\000c\000h\000t\000e\000r\000s\000c\000h\000a\000l\000t\000u\000n\000g}{appendix.A}% 31
\BOOKMARK [2][-]{subsection.A.10}{\376\377\000A\000.\0001\0000\000\040\000B\000e\000r\000e\000c\000h\000n\000u\000n\000g\000\040\000d\000e\000s\000\040\000V\000o\000r\000w\000i\000d\000e\000r\000s\000t\000a\000n\000d\000s\000\040\000e\000i\000n\000e\000r\000\040\000L\000E\000D}{appendix.A}% 32
\BOOKMARK [2][-]{subsection.A.11}{\376\377\000A\000.\0001\0001\000\040\000I\000d\000e\000n\000t\000i\000f\000i\000k\000a\000t\000i\000o\000n\000\040\000e\000i\000n\000e\000s\000\040\000B\000a\000u\000t\000e\000i\000l\000s\000\040\000a\000n\000h\000a\000n\000d\000\040\000d\000e\000s\000\040\000S\000c\000h\000a\000l\000t\000z\000e\000i\000c\000h\000e\000n\000s}{appendix.A}% 33
\BOOKMARK [2][-]{subsection.A.12}{\376\377\000A\000.\0001\0002\000\040\000E\000r\000m\000i\000t\000t\000l\000u\000n\000g\000\040\000v\000o\000n\000\040\000B\000a\000s\000i\000s\000-\000E\000m\000i\000t\000t\000e\000r\000-\000S\000p\000a\000n\000n\000u\000n\000g\000\040\000u\000n\000d\000\040\000B\000a\000s\000i\000s\000s\000t\000r\000o\000m}{appendix.A}% 34
\BOOKMARK [2][-]{subsection.A.13}{\376\377\000A\000.\0001\0003\000\040\000B\000e\000r\000e\000c\000h\000n\000u\000n\000g\000\040\000d\000e\000r\000\040\000W\000i\000d\000e\000r\000s\000t\000\344\000n\000d\000e\000\040\000e\000i\000n\000e\000r\000\040\000T\000r\000a\000n\000s\000i\000s\000t\000o\000r\000s\000c\000h\000a\000l\000t\000u\000n\000g}{appendix.A}% 35
\BOOKMARK [2][-]{subsection.A.14}{\376\377\000A\000.\0001\0004\000\040\000S\000c\000h\000a\000l\000t\000v\000e\000r\000h\000a\000l\000t\000e\000n\000\040\000e\000i\000n\000e\000s\000\040\000T\000r\000a\000n\000s\000i\000s\000t\000o\000r\000s}{appendix.A}% 36
\BOOKMARK [2][-]{subsection.A.15}{\376\377\000A\000.\0001\0005\000\040\000T\000r\000a\000n\000s\000i\000s\000t\000o\000r\000s\000c\000h\000a\000l\000t\000u\000n\000g\000\040\000m\000i\000t\000\040\000L\000E\000D}{appendix.A}% 37
\BOOKMARK [2][-]{subsection.A.16}{\376\377\000A\000.\0001\0006\000\040\000A\000n\000a\000l\000y\000s\000e\000\040\000d\000e\000s\000\040\000A\000r\000b\000e\000i\000t\000s\000b\000e\000r\000e\000i\000c\000h\000s\000\040\000e\000i\000n\000e\000s\000\040\000T\000r\000a\000n\000s\000i\000s\000t\000o\000r\000s}{appendix.A}% 38
\BOOKMARK [2][-]{subsection.A.17}{\376\377\000A\000.\0001\0007\000\040\000B\000e\000r\000e\000c\000h\000n\000u\000n\000g\000e\000n\000\040\000i\000n\000\040\000e\000i\000n\000e\000r\000\040\000T\000r\000a\000n\000s\000i\000s\000t\000o\000r\000s\000c\000h\000a\000l\000t\000u\000n\000g\000e\000n}{appendix.A}% 39
\BOOKMARK [2][-]{subsection.A.18}{\376\377\000A\000.\0001\0008\000\040\000B\000e\000r\000e\000c\000h\000n\000u\000n\000g\000\040\000d\000e\000r\000\040\000S\000t\000r\000o\000m\000v\000e\000r\000s\000t\000\344\000r\000k\000u\000n\000g\000\040\000e\000i\000n\000e\000r\000\040\000T\000r\000a\000n\000s\000i\000s\000t\000o\000r\000s\000c\000h\000a\000l\000t\000u\000n\000g}{appendix.A}% 40
\BOOKMARK [2][-]{subsection.A.19}{\376\377\000A\000.\0001\0009\000\040\000V\000e\000r\000h\000a\000l\000t\000e\000n\000\040\000e\000i\000n\000e\000s\000\040\000T\000r\000a\000n\000s\000i\000s\000t\000o\000r\000s\000\040\000b\000e\000i\000\040\000W\000e\000c\000h\000s\000e\000l\000s\000p\000a\000n\000n\000u\000n\000g}{appendix.A}% 41
\BOOKMARK [2][-]{subsection.A.20}{\376\377\000A\000.\0002\0000\000\040\000E\000r\000s\000t\000e\000l\000l\000u\000n\000g\000\040\000e\000i\000n\000e\000s\000\040\000K\000l\000e\000i\000n\000s\000i\000g\000n\000a\000l\000-\000E\000r\000s\000a\000t\000z\000s\000c\000h\000a\000l\000t\000b\000i\000l\000d\000s}{appendix.A}% 42
\BOOKMARK [2][-]{subsection.A.21}{\376\377\000A\000.\0002\0001\000\040\000E\000r\000s\000t\000e\000l\000l\000u\000n\000g\000\040\000e\000i\000n\000e\000s\000\040\000K\000l\000e\000i\000n\000s\000i\000g\000n\000a\000l\000-\000E\000r\000s\000a\000t\000z\000s\000c\000h\000a\000l\000t\000b\000i\000l\000d\000s}{appendix.A}% 43
\BOOKMARK [2][-]{subsection.A.22}{\376\377\000A\000.\0002\0002\000\040\000B\000e\000s\000t\000i\000m\000m\000u\000n\000g\000\040\000d\000e\000r\000\040\000G\000a\000t\000e\000-\000S\000o\000u\000r\000c\000e\000-\000S\000p\000a\000n\000n\000u\000n\000g\000\040\000e\000i\000n\000e\000s\000\040\000F\000e\000l\000d\000e\000f\000f\000e\000k\000t\000t\000r\000a\000n\000s\000i\000s\000t\000o\000r\000s}{appendix.A}% 44
\BOOKMARK [2][-]{subsection.A.23}{\376\377\000A\000.\0002\0003\000\040\000U\000n\000t\000e\000r\000s\000u\000c\000h\000u\000n\000g\000\040\000d\000e\000s\000\040\000S\000t\000r\000o\000m\000f\000l\000u\000s\000s\000e\000s\000\040\000i\000m\000\040\000F\000e\000l\000d\000e\000f\000f\000e\000k\000t\000t\000r\000a\000n\000s\000i\000s\000t\000o\000r\000\040\000\050\000F\000E\000T\000\051}{appendix.A}% 45
\BOOKMARK [2][-]{subsection.A.24}{\376\377\000A\000.\0002\0004\000\040\000I\000n\000t\000e\000r\000p\000r\000e\000t\000a\000t\000i\000o\000n\000\040\000d\000e\000r\000\040\000K\000e\000n\000n\000l\000i\000n\000i\000e\000\040\000e\000i\000n\000e\000s\000\040\000S\000p\000e\000r\000r\000s\000c\000h\000i\000c\000h\000t\000t\000r\000a\000n\000s\000i\000s\000t\000o\000r\000s}{appendix.A}% 46
\BOOKMARK [2][-]{subsection.A.25}{\376\377\000A\000.\0002\0005\000\040\000E\000r\000k\000e\000n\000n\000u\000n\000g\000\040\000v\000o\000n\000\040\000D\000o\000t\000i\000e\000r\000u\000n\000g\000s\000m\000u\000s\000t\000e\000r\000n\000\040\000b\000e\000i\000\040\000T\000r\000a\000n\000s\000i\000s\000t\000o\000r\000e\000n}{appendix.A}% 47
\BOOKMARK [2][-]{subsection.A.26}{\376\377\000A\000.\0002\0006\000\040\000E\000r\000k\000l\000\344\000r\000u\000n\000g\000\040\000d\000e\000s\000\040\000F\000u\000n\000k\000t\000i\000o\000n\000s\000p\000r\000i\000n\000z\000i\000p\000s\000\040\000d\000e\000r\000\040\000C\000M\000O\000S\000-\000T\000e\000c\000h\000n\000o\000l\000o\000g\000i\000e}{appendix.A}% 48
\BOOKMARK [2][-]{subsection.A.27}{\376\377\000A\000.\0002\0007\000\040\000T\000r\000a\000n\000s\000i\000s\000t\000o\000r\000-\000V\000e\000r\000b\000u\000n\000d\000v\000e\000r\000s\000t\000\344\000r\000k\000e\000r}{appendix.A}% 49
\BOOKMARK [2][-]{subsection.A.28}{\376\377\000A\000.\0002\0008\000\040\000G\000l\000e\000i\000c\000h\000r\000i\000c\000h\000t\000e\000r\000s\000c\000h\000a\000l\000t\000u\000n\000g}{appendix.A}% 50
\BOOKMARK [2][-]{subsection.A.29}{\376\377\000A\000.\0002\0009\000\040\000U\000n\000t\000e\000r\000s\000u\000c\000h\000u\000n\000g\000\040\000e\000i\000n\000e\000s\000\040\000e\000i\000n\000f\000a\000c\000h\000e\000n\000\040\000G\000l\000e\000i\000c\000h\000r\000i\000c\000h\000t\000e\000r\000s}{appendix.A}% 51
\BOOKMARK [2][-]{subsection.A.30}{\376\377\000A\000.\0003\0000\000\040\000A\000n\000a\000l\000y\000s\000e\000\040\000e\000i\000n\000e\000r\000\040\000S\000p\000a\000n\000n\000u\000n\000g\000s\000v\000e\000r\000d\000o\000p\000p\000l\000e\000r\000-\000S\000c\000h\000a\000l\000t\000u\000n\000g}{appendix.A}% 52
\BOOKMARK [2][-]{subsection.A.31}{\376\377\000A\000.\0003\0001\000\040\000G\000r\000u\000n\000d\000v\000e\000r\000h\000a\000l\000t\000e\000n\000\040\000e\000i\000n\000e\000s\000\040\000n\000p\000n\000-\000B\000i\000p\000o\000l\000a\000r\000t\000r\000a\000n\000s\000i\000s\000t\000o\000r\000s}{appendix.A}% 53
\BOOKMARK [2][-]{subsection.A.32}{\376\377\000A\000.\0003\0002\000\040\000Z\000e\000i\000c\000h\000n\000u\000n\000g\000\040\000u\000n\000d\000\040\000B\000e\000r\000e\000c\000h\000n\000u\000n\000g\000\040\000e\000i\000n\000e\000r\000\040\000K\000o\000l\000l\000e\000k\000t\000o\000r\000s\000c\000h\000a\000l\000t\000u\000n\000g}{appendix.A}% 54
\BOOKMARK [1][-]{appendix.B}{\376\377\000B\000\040\000L\000\366\000s\000u\000n\000g\000e\000n\000\040\000z\000u\000\040\000d\000e\000n\000\040\000\334\000b\000u\000n\000g\000s\000a\000u\000f\000g\000a\000b\000e\000n}{}% 55
\BOOKMARK [2][-]{subsection.B.1}{\376\377\000B\000.\0001\000\040\000B\000e\000s\000c\000h\000r\000e\000i\000b\000u\000n\000g\000\040\000d\000e\000s\000\040\000B\000\344\000n\000d\000e\000r\000m\000o\000d\000e\000l\000l\000s\000\040}{appendix.B}% 56
\BOOKMARK [2][-]{subsection.B.2}{\376\377\000B\000.\0002\000\040\000D\000i\000e\000\040\000R\000a\000u\000m\000l\000a\000d\000u\000n\000g\000s\000z\000o\000n\000e\000\040\000i\000m\000\040\000p\000n\000-\000\334\000b\000e\000r\000g\000a\000n\000g}{appendix.B}% 57
\BOOKMARK [2][-]{subsection.B.3}{\376\377\000B\000.\0003\000\040\000B\000e\000r\000e\000c\000h\000n\000u\000n\000g\000\040\000d\000e\000s\000\040\000S\000p\000a\000n\000n\000u\000n\000g\000s\000a\000b\000f\000a\000l\000l\000s\000\040\000e\000i\000n\000e\000r\000\040\000D\000i\000o\000d\000e}{appendix.B}% 58
\BOOKMARK [2][-]{subsection.B.4}{\376\377\000B\000.\0004\000\040\000B\000e\000s\000t\000i\000m\000m\000u\000n\000g\000\040\000d\000e\000s\000\040\000A\000r\000b\000e\000i\000t\000s\000p\000u\000n\000k\000t\000s\000\040\000u\000n\000d\000\040\000d\000e\000r\000\040\000L\000e\000i\000s\000t\000u\000n\000g\000\040\000e\000i\000n\000e\000r\000\040\000D\000i\000o\000d\000e}{appendix.B}% 59
\BOOKMARK [2][-]{subsection.B.5}{\376\377\000B\000.\0005\000\040\000D\000i\000m\000e\000n\000s\000i\000o\000n\000i\000e\000r\000u\000n\000g\000\040\000d\000e\000s\000\040\000V\000o\000r\000w\000i\000d\000e\000r\000s\000t\000a\000n\000d\000s\000\040\000e\000i\000n\000e\000r\000\040\000Z\000e\000n\000e\000r\000d\000i\000o\000d\000e}{appendix.B}% 60
\BOOKMARK [2][-]{subsection.B.6}{\376\377\000B\000.\0006\000\040\000E\000i\000n\000s\000a\000t\000z\000\040\000e\000i\000n\000e\000r\000\040\000Z\000e\000n\000e\000r\000d\000i\000o\000d\000e\000\040\000z\000u\000r\000\040\000S\000p\000a\000n\000n\000u\000n\000g\000s\000s\000t\000a\000b\000i\000l\000i\000s\000i\000e\000r\000u\000n\000g}{appendix.B}% 61
\BOOKMARK [2][-]{subsection.B.7}{\376\377\000B\000.\0007\000\040\000E\000r\000m\000i\000t\000t\000l\000u\000n\000g\000\040\000d\000e\000r\000\040\000B\000e\000t\000r\000i\000e\000b\000s\000g\000r\000e\000n\000z\000e\000n\000\040\000e\000i\000n\000e\000r\000\040\000Z\000e\000n\000e\000r\000d\000i\000o\000d\000e}{appendix.B}% 62
\BOOKMARK [2][-]{subsection.B.8}{\376\377\000B\000.\0008\000\040\000E\000i\000n\000s\000a\000t\000z\000\040\000e\000i\000n\000e\000r\000\040\000D\000i\000o\000d\000e\000\040\000z\000u\000r\000\040\000L\000e\000i\000s\000t\000u\000n\000g\000s\000r\000e\000d\000u\000z\000i\000e\000r\000u\000n\000g}{appendix.B}% 63
\BOOKMARK [2][-]{subsection.B.9}{\376\377\000B\000.\0009\000\040\000S\000p\000a\000n\000n\000u\000n\000g\000s\000v\000e\000r\000l\000a\000u\000f\000\040\000i\000n\000\040\000e\000i\000n\000e\000r\000\040\000B\000r\000\374\000c\000k\000e\000n\000g\000l\000e\000i\000c\000h\000r\000i\000c\000h\000t\000e\000r\000s\000c\000h\000a\000l\000t\000u\000n\000g}{appendix.B}% 64
\BOOKMARK [2][-]{subsection.B.10}{\376\377\000B\000.\0001\0000\000\040\000B\000e\000r\000e\000c\000h\000n\000u\000n\000g\000\040\000d\000e\000s\000\040\000V\000o\000r\000w\000i\000d\000e\000r\000s\000t\000a\000n\000d\000s\000\040\000e\000i\000n\000e\000r\000\040\000L\000E\000D}{appendix.B}% 65
\BOOKMARK [2][-]{subsection.B.11}{\376\377\000B\000.\0001\0001\000\040\000I\000d\000e\000n\000t\000i\000f\000i\000k\000a\000t\000i\000o\000n\000\040\000e\000i\000n\000e\000s\000\040\000B\000a\000u\000t\000e\000i\000l\000s\000\040\000a\000n\000h\000a\000n\000d\000\040\000d\000e\000s\000\040\000S\000c\000h\000a\000l\000t\000z\000e\000i\000c\000h\000e\000n\000s}{appendix.B}% 66
\BOOKMARK [2][-]{subsection.B.12}{\376\377\000B\000.\0001\0002\000\040\000E\000r\000m\000i\000t\000t\000l\000u\000n\000g\000\040\000v\000o\000n\000\040\000B\000a\000s\000i\000s\000-\000E\000m\000i\000t\000t\000e\000r\000-\000S\000p\000a\000n\000n\000u\000n\000g\000\040\000u\000n\000d\000\040\000B\000a\000s\000i\000s\000s\000t\000r\000o\000m}{appendix.B}% 67
\BOOKMARK [2][-]{subsection.B.13}{\376\377\000B\000.\0001\0003\000\040\000B\000e\000r\000e\000c\000h\000n\000u\000n\000g\000\040\000d\000e\000r\000\040\000W\000i\000d\000e\000r\000s\000t\000\344\000n\000d\000e\000\040\000e\000i\000n\000e\000r\000\040\000T\000r\000a\000n\000s\000i\000s\000t\000o\000r\000s\000c\000h\000a\000l\000t\000u\000n\000g}{appendix.B}% 68
\BOOKMARK [2][-]{subsection.B.14}{\376\377\000B\000.\0001\0004\000\040\000S\000c\000h\000a\000l\000t\000v\000e\000r\000h\000a\000l\000t\000e\000n\000\040\000e\000i\000n\000e\000s\000\040\000T\000r\000a\000n\000s\000i\000s\000t\000o\000r\000s}{appendix.B}% 69
\BOOKMARK [2][-]{subsection.B.15}{\376\377\000B\000.\0001\0005\000\040\000T\000r\000a\000n\000s\000i\000s\000t\000o\000r\000s\000c\000h\000a\000l\000t\000u\000n\000g\000\040\000m\000i\000t\000\040\000L\000E\000D}{appendix.B}% 70
\BOOKMARK [2][-]{subsection.B.16}{\376\377\000B\000.\0001\0006\000\040\000A\000n\000a\000l\000y\000s\000e\000\040\000d\000e\000s\000\040\000A\000r\000b\000e\000i\000t\000s\000b\000e\000r\000e\000i\000c\000h\000s\000\040\000e\000i\000n\000e\000s\000\040\000T\000r\000a\000n\000s\000i\000s\000t\000o\000r\000s}{appendix.B}% 71
\BOOKMARK [2][-]{subsection.B.17}{\376\377\000B\000.\0001\0007\000\040\000B\000e\000r\000e\000c\000h\000n\000u\000n\000g\000e\000n\000\040\000i\000n\000\040\000e\000i\000n\000e\000r\000\040\000T\000r\000a\000n\000s\000i\000s\000t\000o\000r\000s\000c\000h\000a\000l\000t\000u\000n\000g\000e\000n}{appendix.B}% 72
\BOOKMARK [2][-]{subsection.B.18}{\376\377\000B\000.\0001\0008\000\040\000B\000e\000r\000e\000c\000h\000n\000u\000n\000g\000\040\000d\000e\000r\000\040\000S\000t\000r\000o\000m\000v\000e\000r\000s\000t\000\344\000r\000k\000u\000n\000g\000\040\000e\000i\000n\000e\000r\000\040\000T\000r\000a\000n\000s\000i\000s\000t\000o\000r\000s\000c\000h\000a\000l\000t\000u\000n\000g}{appendix.B}% 73
\BOOKMARK [2][-]{subsection.B.19}{\376\377\000B\000.\0001\0009\000\040\000V\000e\000r\000h\000a\000l\000t\000e\000n\000\040\000e\000i\000n\000e\000s\000\040\000T\000r\000a\000n\000s\000i\000s\000t\000o\000r\000s\000\040\000b\000e\000i\000\040\000W\000e\000c\000h\000s\000e\000l\000s\000p\000a\000n\000n\000u\000n\000g}{appendix.B}% 74
\BOOKMARK [2][-]{subsection.B.20}{\376\377\000B\000.\0002\0000\000\040\000E\000r\000s\000t\000e\000l\000l\000u\000n\000g\000\040\000e\000i\000n\000e\000s\000\040\000K\000l\000e\000i\000n\000s\000i\000g\000n\000a\000l\000-\000E\000r\000s\000a\000t\000z\000s\000c\000h\000a\000l\000t\000b\000i\000l\000d\000s}{appendix.B}% 75
\BOOKMARK [2][-]{subsection.B.21}{\376\377\000B\000.\0002\0001\000\040\000E\000r\000s\000t\000e\000l\000l\000u\000n\000g\000\040\000e\000i\000n\000e\000s\000\040\000K\000l\000e\000i\000n\000s\000i\000g\000n\000a\000l\000-\000E\000r\000s\000a\000t\000z\000s\000c\000h\000a\000l\000t\000b\000i\000l\000d\000s}{appendix.B}% 76
\BOOKMARK [2][-]{subsection.B.22}{\376\377\000B\000.\0002\0002\000\040\000B\000e\000s\000t\000i\000m\000m\000u\000n\000g\000\040\000d\000e\000r\000\040\000G\000a\000t\000e\000-\000S\000o\000u\000r\000c\000e\000-\000S\000p\000a\000n\000n\000u\000n\000g\000\040\000e\000i\000n\000e\000s\000\040\000F\000e\000l\000d\000e\000f\000f\000e\000k\000t\000t\000r\000a\000n\000s\000i\000s\000t\000o\000r\000s}{appendix.B}% 77
\BOOKMARK [2][-]{subsection.B.23}{\376\377\000B\000.\0002\0003\000\040\000U\000n\000t\000e\000r\000s\000u\000c\000h\000u\000n\000g\000\040\000d\000e\000s\000\040\000S\000t\000r\000o\000m\000f\000l\000u\000s\000s\000e\000s\000\040\000i\000m\000\040\000F\000e\000l\000d\000e\000f\000f\000e\000k\000t\000t\000r\000a\000n\000s\000i\000s\000t\000o\000r\000\040\000\050\000F\000E\000T\000\051}{appendix.B}% 78
\BOOKMARK [2][-]{subsection.B.24}{\376\377\000B\000.\0002\0004\000\040\000I\000n\000t\000e\000r\000p\000r\000e\000t\000a\000t\000i\000o\000n\000\040\000d\000e\000r\000\040\000K\000e\000n\000n\000l\000i\000n\000i\000e\000\040\000e\000i\000n\000e\000s\000\040\000S\000p\000e\000r\000r\000s\000c\000h\000i\000c\000h\000t\000t\000r\000a\000n\000s\000i\000s\000t\000o\000r\000s}{appendix.B}% 79
\BOOKMARK [2][-]{subsection.B.25}{\376\377\000B\000.\0002\0005\000\040\000E\000r\000k\000e\000n\000n\000u\000n\000g\000\040\000v\000o\000n\000\040\000D\000o\000t\000i\000e\000r\000u\000n\000g\000s\000m\000u\000s\000t\000e\000r\000n\000\040\000b\000e\000i\000\040\000T\000r\000a\000n\000s\000i\000s\000t\000o\000r\000e\000n}{appendix.B}% 80
\BOOKMARK [2][-]{subsection.B.26}{\376\377\000B\000.\0002\0006\000\040\000E\000r\000k\000l\000\344\000r\000u\000n\000g\000\040\000d\000e\000s\000\040\000F\000u\000n\000k\000t\000i\000o\000n\000s\000p\000r\000i\000n\000z\000i\000p\000s\000\040\000d\000e\000r\000\040\000C\000M\000O\000S\000-\000T\000e\000c\000h\000n\000o\000l\000o\000g\000i\000e}{appendix.B}% 81
\BOOKMARK [2][-]{subsection.B.27}{\376\377\000B\000.\0002\0007\000\040\000T\000r\000a\000n\000s\000i\000s\000t\000o\000r\000-\000V\000e\000r\000b\000u\000n\000d\000v\000e\000r\000s\000t\000\344\000r\000k\000e\000r}{appendix.B}% 82
\BOOKMARK [2][-]{subsection.B.28}{\376\377\000B\000.\0002\0008\000\040\000G\000l\000e\000i\000c\000h\000r\000i\000c\000h\000t\000e\000r\000s\000c\000h\000a\000l\000t\000u\000n\000g}{appendix.B}% 83
\BOOKMARK [2][-]{subsection.B.29}{\376\377\000B\000.\0002\0009\000\040\000U\000n\000t\000e\000r\000s\000u\000c\000h\000u\000n\000g\000\040\000e\000i\000n\000e\000s\000\040\000e\000i\000n\000f\000a\000c\000h\000e\000n\000\040\000G\000l\000e\000i\000c\000h\000r\000i\000c\000h\000t\000e\000r\000s}{appendix.B}% 84
\BOOKMARK [2][-]{subsection.B.30}{\376\377\000B\000.\0003\0000\000\040\000A\000n\000a\000l\000y\000s\000e\000\040\000e\000i\000n\000e\000r\000\040\000S\000p\000a\000n\000n\000u\000n\000g\000s\000v\000e\000r\000d\000o\000p\000p\000l\000e\000r\000-\000S\000c\000h\000a\000l\000t\000u\000n\000g}{appendix.B}% 85
\BOOKMARK [2][-]{subsection.B.31}{\376\377\000B\000.\0003\0001\000\040\000G\000r\000u\000n\000d\000v\000e\000r\000h\000a\000l\000t\000e\000n\000\040\000e\000i\000n\000e\000s\000\040\000n\000p\000n\000-\000B\000i\000p\000o\000l\000a\000r\000t\000r\000a\000n\000s\000i\000s\000t\000o\000r\000s}{appendix.B}% 86
\BOOKMARK [2][-]{subsection.B.32}{\376\377\000B\000.\0003\0002\000\040\000Z\000e\000i\000c\000h\000n\000u\000n\000g\000\040\000u\000n\000d\000\040\000B\000e\000r\000e\000c\000h\000n\000u\000n\000g\000\040\000e\000i\000n\000e\000r\000\040\000K\000o\000l\000l\000e\000k\000t\000o\000r\000s\000c\000h\000a\000l\000t\000u\000n\000g}{appendix.B}% 87
