\BOOKMARK [1][-]{section.1}{\376\377\0001\000\040\000R\000e\000p\000e\000t\000i\000t\000i\000o\000n}{}% 1
\BOOKMARK [2][-]{subsection.1.1}{\376\377\0001\000.\0001\000\040\000F\000r\000e\000q\000u\000e\000n\000c\000y\000\040\000d\000e\000p\000e\000n\000d\000e\000n\000c\000e\000\040\000o\000f\000\040\000e\000l\000e\000c\000t\000r\000i\000c\000a\000l\000\040\000c\000o\000m\000p\000o\000n\000e\000n\000t\000s}{section.1}% 2
\BOOKMARK [3][-]{subsubsection.1.1.1}{\376\377\0001\000.\0001\000.\0001\000\040\000B\000e\000h\000a\000v\000i\000o\000u\000r\000\040\000o\000f\000\040\000i\000n\000d\000u\000c\000t\000a\000n\000c\000e\000s\000\040\000a\000n\000d\000\040\000c\000a\000p\000a\000c\000i\000t\000a\000n\000c\000e\000s}{subsection.1.1}% 3
\BOOKMARK [3][-]{subsubsection.1.1.2}{\376\377\0001\000.\0001\000.\0002\000\040\000C\000o\000m\000p\000a\000r\000i\000s\000o\000n\000\040\000o\000f\000\040\000l\000i\000n\000e\000a\000r\000\040\000t\000w\000o\000-\000p\000o\000l\000e\000\040\000e\000l\000e\000m\000e\000n\000t\000s\000\040\000R\000,\000\040\000L\000\040\000a\000n\000d\000\040\000C}{subsection.1.1}% 4
\BOOKMARK [2][-]{subsection.1.2}{\376\377\0001\000.\0002\000\040\000D\000o\000u\000b\000l\000e\000-\000p\000o\000l\000e\000\040\000\050\000f\000o\000u\000r\000-\000p\000o\000l\000e\000\051}{section.1}% 5
\BOOKMARK [1][-]{section.2}{\376\377\0002\000\040\000F\000r\000e\000q\000u\000e\000n\000c\000y\000\040\000r\000e\000s\000p\000o\000n\000s\000e\000,\000\040\000a\000m\000p\000l\000i\000t\000u\000d\000e\000\040\000r\000e\000s\000p\000o\000n\000s\000e\000,\000\040\000p\000h\000a\000s\000e\000\040\000r\000e\000s\000p\000o\000n\000s\000e}{}% 6
\BOOKMARK [2][-]{subsection.2.1}{\376\377\0002\000.\0001\000\040\000D\000e\000f\000i\000n\000i\000t\000i\000o\000n\000e\000n}{section.2}% 7
\BOOKMARK [2][-]{subsection.2.2}{\376\377\0002\000.\0002\000\040\000F\000r\000e\000q\000u\000e\000n\000c\000y\000\040\000r\000e\000s\000p\000o\000n\000s\000e\000\040\000u\000s\000i\000n\000g\000\040\000t\000h\000e\000\040\000e\000x\000a\000m\000p\000l\000e\000\040\000o\000f\000\040\000a\000\040\000s\000i\000m\000p\000l\000e\000\040\000l\000o\000w\000-\000p\000a\000s\000s\000\040\000f\000i\000l\000t\000e\000r}{section.2}% 8
\BOOKMARK [2][-]{subsection.2.3}{\376\377\0002\000.\0003\000\040\000B\000o\000u\000n\000d\000a\000r\000y\000\040\000b\000e\000h\000a\000v\000i\000o\000u\000r\000\040\000u\000s\000i\000n\000g\000\040\000t\000h\000e\000\040\000e\000x\000a\000m\000p\000l\000e\000\040\000o\000f\000\040\000a\000\040\000s\000i\000m\000p\000l\000e\000\040\000l\000o\000w\000-\000p\000a\000s\000s\000\040\000f\000i\000l\000t\000e\000r}{section.2}% 9
\BOOKMARK [2][-]{subsection.2.4}{\376\377\0002\000.\0004\000\040\000F\000r\000e\000q\000u\000e\000n\000c\000y\000\040\000r\000e\000s\000p\000o\000n\000s\000e\000\040\000u\000s\000i\000n\000g\000\040\000t\000h\000e\000\040\000e\000x\000a\000m\000p\000l\000e\000\040\000o\000f\000\040\000a\000\040\000s\000i\000m\000p\000l\000e\000\040\000h\000i\000g\000h\000-\000p\000a\000s\000s\000\040\000f\000i\000l\000t\000e\000r}{section.2}% 10
\BOOKMARK [2][-]{subsection.2.5}{\376\377\0002\000.\0005\000\040\000B\000o\000u\000n\000d\000a\000r\000y\000\040\000b\000e\000h\000a\000v\000i\000o\000u\000r\000\040\000u\000s\000i\000n\000g\000\040\000t\000h\000e\000\040\000e\000x\000a\000m\000p\000l\000e\000\040\000o\000f\000\040\000a\000\040\000s\000i\000m\000p\000l\000e\000\040\000h\000i\000g\000h\000-\000p\000a\000s\000s\000\040\000f\000i\000l\000t\000e\000r}{section.2}% 11
\BOOKMARK [2][-]{subsection.2.6}{\376\377\0002\000.\0006\000\040\000C\000o\000m\000p\000a\000r\000i\000s\000o\000n\000\040\000o\000f\000\040\000f\000i\000r\000s\000t\000-\000o\000r\000d\000e\000r\000\040\000p\000a\000s\000s\000i\000v\000e\000\040\000f\000i\000l\000t\000e\000r\000s\000\040\000w\000i\000t\000h\000\040\000L\000\040\000a\000n\000d\000\040\000R}{section.2}% 12
\BOOKMARK [2][-]{subsection.2.7}{\376\377\0002\000.\0007\000\040\000B\000e\000i\000s\000p\000i\000e\000l\000\040\000F\000i\000l\000t\000e\000r\000s\000c\000h\000a\000l\000t\000u\000n\000g\000:\000\040\000A\000u\000f\000g\000a\000b\000e}{section.2}% 13
\BOOKMARK [1][-]{section.3}{\376\377\0003\000\040\000L\000o\000g\000a\000r\000i\000t\000h\000m\000i\000c\000\040\000r\000e\000p\000r\000e\000s\000e\000n\000t\000a\000t\000i\000o\000n\000,\000\040\000f\000r\000e\000q\000u\000e\000n\000c\000y\000\040\000r\000e\000s\000p\000o\000n\000s\000e\000,\000\040\000c\000u\000t\000-\000o\000f\000f\000\040\000f\000r\000e\000q\000u\000e\000n\000c\000y}{}% 14
\BOOKMARK [2][-]{subsection.3.1}{\376\377\0003\000.\0001\000\040\000L\000o\000g\000a\000r\000i\000t\000h\000m\000i\000c\000\040\000r\000e\000p\000r\000e\000s\000e\000n\000t\000a\000t\000i\000o\000n\000\040\000o\000f\000\040\000p\000o\000w\000e\000r\000\040\000f\000u\000n\000c\000t\000i\000o\000n\000s}{section.3}% 15
\BOOKMARK [2][-]{subsection.3.2}{\376\377\0003\000.\0002\000\040\000D\000e\000f\000i\000n\000i\000t\000i\000o\000n\000\040\000o\000f\000\040\000d\000e\000c\000i\000b\000e\000l}{section.3}% 16
\BOOKMARK [2][-]{subsection.3.3}{\376\377\0003\000.\0003\000\040\000C\000u\000t\000-\000o\000f\000f\000\040\000f\000r\000e\000q\000u\000e\000n\000c\000y\000\040\000o\000f\000\040\000s\000i\000m\000p\000l\000e\000\040\000f\000i\000l\000t\000e\000r\000\040\000c\000i\000r\000c\000u\000i\000t\000s}{section.3}% 17
\BOOKMARK [2][-]{subsection.3.4}{\376\377\0003\000.\0004\000\040\000F\000i\000r\000s\000t\000-\000o\000r\000d\000e\000r\000\040\000l\000o\000w\000-\000p\000a\000s\000s\000\040\000f\000i\000l\000t\000e\000r}{section.3}% 18
\BOOKMARK [3][-]{subsubsection.3.4.1}{\376\377\0003\000.\0004\000.\0001\000\040\000C\000o\000m\000p\000a\000r\000i\000s\000o\000n\000\040\000o\000f\000\040\000l\000i\000n\000e\000a\000r\000\040\000a\000n\000d\000\040\000l\000o\000g\000a\000r\000i\000t\000h\000m\000i\000c\000\040\000r\000e\000p\000r\000e\000s\000e\000n\000t\000a\000t\000i\000o\000n\000s}{subsection.3.4}% 19
\BOOKMARK [3][-]{subsubsection.3.4.2}{\376\377\0003\000.\0004\000.\0002\000\040\000C\000o\000m\000p\000a\000r\000i\000s\000o\000n\000\040\000o\000f\000\040\000f\000i\000r\000s\000t\000-\000o\000r\000d\000e\000r\000\040\000l\000o\000w\000-\000p\000a\000s\000s\000\040\000a\000n\000d\000\040\000h\000i\000g\000h\000-\000p\000a\000s\000s\000\040\000f\000i\000l\000t\000e\000r\000s}{subsection.3.4}% 20
\BOOKMARK [2][-]{subsection.3.5}{\376\377\0003\000.\0005\000\040\000B\000a\000n\000d\000p\000a\000s\000s\000,\000\040\000B\000a\000n\000d\000s\000t\000o\000p}{section.3}% 21
\BOOKMARK [3][-]{subsubsection.3.5.1}{\376\377\0003\000.\0005\000.\0001\000\040\000I\000m\000p\000l\000e\000m\000e\000n\000t\000a\000t\000i\000o\000n\000:\000\040\000S\000e\000r\000i\000e\000s\000\040\000o\000r\000\040\000p\000a\000r\000a\000l\000l\000e\000l\000\040\000c\000o\000n\000n\000e\000c\000t\000i\000o\000n\000\040\000o\000f\000\040\000l\000o\000w\000-\000p\000a\000s\000s\000\040\000a\000n\000d\000\040\000h\000i\000g\000h\000-\000p\000a\000s\000s\000\040\000f\000i\000l\000t\000e\000r\000s}{subsection.3.5}% 22
\BOOKMARK [3][-]{subsubsection.3.5.2}{\376\377\0003\000.\0005\000.\0002\000\040\000B\000o\000d\000e\000\040\000d\000i\000a\000g\000r\000a\000m}{subsection.3.5}% 23
\BOOKMARK [2][-]{subsection.3.6}{\376\377\0003\000.\0006\000\040\000O\000r\000d\000e\000r\000\040\000o\000f\000\040\000f\000i\000l\000t\000e\000r\000s\000,\000\040\000e\000x\000a\000m\000p\000l\000e\000\040\000f\000i\000l\000t\000e\000r\000\040\000o\000f\000\040\000h\000i\000g\000h\000e\000r\000\040\000o\000r\000d\000e\000r}{section.3}% 24
\BOOKMARK [1][-]{section.4}{\376\377\0004\000\040\000L\000o\000c\000a\000t\000i\000o\000n\000\040\000c\000u\000r\000v\000e}{}% 25
\BOOKMARK [2][-]{subsection.4.1}{\376\377\0004\000.\0001\000\040\000D\000e\000f\000i\000n\000i\000t\000i\000o\000n\000\040\000o\000f\000\040\000l\000o\000c\000a\000t\000i\000o\000n\000\040\000c\000u\000r\000v\000e}{section.4}% 26
\BOOKMARK [2][-]{subsection.4.2}{\376\377\0004\000.\0002\000\040\000R\000e\000l\000a\000t\000i\000o\000n\000s\000h\000i\000p\000\040\000b\000e\000t\000w\000e\000e\000n\000\040\000p\000o\000i\000n\000t\000e\000r\000\040\000d\000i\000a\000g\000r\000a\000m\000\040\000a\000n\000d\000\040\000l\000o\000c\000a\000t\000i\000o\000n\000\040\000c\000u\000r\000v\000e}{section.4}% 27
\BOOKMARK [2][-]{subsection.4.3}{\376\377\0004\000.\0003\000\040\000i\000m\000p\000e\000d\000a\000n\000c\000e\000\040\000l\000o\000c\000u\000s\000\040\000c\000u\000r\000v\000e}{section.4}% 28
\BOOKMARK [2][-]{subsection.4.4}{\376\377\0004\000.\0004\000\040\000A\000d\000m\000i\000t\000t\000a\000n\000c\000e\000\040\000l\000o\000c\000u\000s\000\040\000c\000u\000r\000v\000e\000\040\000-\000\040\000I\000n\000v\000e\000r\000s\000i\000o\000n\000\040\000o\000f\000\040\000l\000o\000c\000u\000s\000\040\000c\000u\000r\000v\000e\000s}{section.4}% 29
\BOOKMARK [2][-]{subsection.4.5}{\376\377\0004\000.\0005\000\040\000L\000o\000c\000a\000l\000\040\000c\000u\000r\000v\000e\000s\000\040\000o\000f\000\040\000b\000a\000s\000i\000c\000\040\000c\000i\000r\000c\000u\000i\000t\000s}{section.4}% 30
\BOOKMARK [1][-]{section.5}{\376\377\0005\000\040\000R\000e\000s\000o\000n\000a\000n\000t\000\040\000c\000i\000r\000c\000u\000i\000t\000s}{}% 31
\BOOKMARK [2][-]{subsection.5.1}{\376\377\0005\000.\0001\000\040\000R\000e\000s\000o\000n\000a\000n\000c\000e\000\040\000p\000h\000e\000n\000o\000m\000e\000n\000o\000n}{section.5}% 32
\BOOKMARK [2][-]{subsection.5.2}{\376\377\0005\000.\0002\000\040\000D\000e\000f\000i\000n\000i\000t\000i\000o\000n\000e\000n}{section.5}% 33
\BOOKMARK [2][-]{subsection.5.3}{\376\377\0005\000.\0003\000\040\000R\000e\000s\000o\000n\000a\000n\000t\000\040\000f\000r\000e\000q\000u\000e\000n\000c\000y\000\040\000u\000s\000i\000n\000g\000\040\000t\000h\000e\000\040\000e\000x\000a\000m\000p\000l\000e\000\040\000o\000f\000\040\000i\000d\000e\000a\000l\000\040\000L\000C\000\040\000o\000s\000c\000i\000l\000l\000a\000t\000i\000n\000g\000\040\000c\000i\000r\000c\000u\000i\000t\000s}{section.5}% 34
\BOOKMARK [2][-]{subsection.5.4}{\376\377\0005\000.\0004\000\040\000R\000L\000C\000\040\000s\000e\000r\000i\000e\000s\000\040\000r\000e\000s\000o\000n\000a\000n\000t\000\040\000c\000i\000r\000c\000u\000i\000t\000\040\000-\000\040\000r\000e\000s\000o\000n\000a\000n\000c\000e\000\040\000b\000e\000h\000a\000v\000i\000o\000u\000r}{section.5}% 35
\BOOKMARK [3][-]{subsubsection.5.4.1}{\376\377\0005\000.\0004\000.\0001\000\040\000C\000a\000s\000e\000\040\000d\000i\000f\000f\000e\000r\000e\000n\000t\000i\000a\000t\000i\000o\000n\000\040\000i\000n\000\040\000t\000h\000e\000\040\000p\000o\000i\000n\000t\000e\000r\000\040\000d\000i\000a\000g\000r\000a\000m}{subsection.5.4}% 36
\BOOKMARK [3][-]{subsubsection.5.4.2}{\376\377\0005\000.\0004\000.\0002\000\040\000C\000a\000s\000e\000\040\000d\000i\000f\000f\000e\000r\000e\000n\000t\000i\000a\000t\000i\000o\000n\000\040\000i\000n\000\040\000i\000m\000p\000e\000d\000a\000n\000c\000e\000\040\000c\000u\000r\000v\000e}{subsection.5.4}% 37
\BOOKMARK [3][-]{subsubsection.5.4.3}{\376\377\0005\000.\0004\000.\0003\000\040\000R\000e\000s\000o\000n\000a\000n\000z\000k\000u\000r\000v\000e\000\040\000u\000n\000d\000\040\000G\000\374\000t\000e\000f\000a\000k\000t\000o\000r}{subsection.5.4}% 38
\BOOKMARK [3][-]{subsubsection.5.4.4}{\376\377\0005\000.\0004\000.\0004\000\040\000S\000p\000a\000n\000n\000u\000n\000g\000s\000r\000e\000s\000o\000n\000a\000n\000z}{subsection.5.4}% 39
\BOOKMARK [3][-]{subsubsection.5.4.5}{\376\377\0005\000.\0004\000.\0005\000\040\000C\000u\000r\000r\000e\000n\000t\000\040\000c\000u\000r\000v\000e\000\040\000o\000f\000\040\000t\000h\000e\000\040\000R\000L\000C\000\040\000s\000e\000r\000i\000e\000s\000\040\000r\000e\000s\000o\000n\000a\000n\000t\000\040\000c\000i\000r\000c\000u\000i\000t}{subsection.5.4}% 40
\BOOKMARK [3][-]{subsubsection.5.4.6}{\376\377\0005\000.\0004\000.\0006\000\040\000V\000o\000l\000t\000a\000g\000e\000\040\000c\000u\000r\000v\000e\000\040\000o\000f\000\040\000t\000h\000e\000\040\000R\000L\000C\000\040\000s\000e\000r\000i\000e\000s\000\040\000r\000e\000s\000o\000n\000a\000n\000t\000\040\000c\000i\000r\000c\000u\000i\000t}{subsection.5.4}% 41
\BOOKMARK [2][-]{subsection.5.5}{\376\377\0005\000.\0005\000\040\000R\000L\000C\000-\000P\000a\000r\000a\000l\000l\000e\000l\000s\000c\000h\000w\000i\000n\000g\000k\000r\000e\000i\000s\000\040\000-\000\040\000R\000e\000s\000o\000n\000a\000n\000z\000v\000e\000r\000h\000a\000l\000t\000e\000n}{section.5}% 42
\BOOKMARK [3][-]{subsubsection.5.5.1}{\376\377\0005\000.\0005\000.\0001\000\040\000C\000a\000s\000e\000\040\000d\000i\000f\000f\000e\000r\000e\000n\000t\000i\000a\000t\000i\000o\000n\000\040\000i\000n\000\040\000t\000h\000e\000\040\000p\000o\000i\000n\000t\000e\000r\000\040\000d\000i\000a\000g\000r\000a\000m}{subsection.5.5}% 43
\BOOKMARK [3][-]{subsubsection.5.5.2}{\376\377\0005\000.\0005\000.\0002\000\040\000C\000a\000s\000e\000\040\000d\000i\000f\000f\000e\000r\000e\000n\000t\000i\000a\000t\000i\000o\000n\000\040\000i\000n\000\040\000a\000d\000m\000i\000t\000t\000a\000n\000c\000e\000\040\000c\000u\000r\000v\000e}{subsection.5.5}% 44
\BOOKMARK [3][-]{subsubsection.5.5.3}{\376\377\0005\000.\0005\000.\0003\000\040\000R\000e\000s\000o\000n\000a\000n\000z\000k\000u\000r\000v\000e\000\040\000u\000n\000d\000\040\000G\000\374\000t\000e\000f\000a\000k\000t\000o\000r}{subsection.5.5}% 45
\BOOKMARK [3][-]{subsubsection.5.5.4}{\376\377\0005\000.\0005\000.\0004\000\040\000C\000u\000r\000r\000e\000n\000t\000\040\000r\000e\000s\000o\000n\000a\000n\000c\000e\000\040\000u\000s\000i\000n\000g\000\040\000t\000h\000e\000\040\000e\000x\000a\000m\000p\000l\000e\000\040\000o\000f\000\040\000a\000n\000\040\000R\000L\000C\000\040\000p\000a\000r\000a\000l\000l\000e\000l\000\040\000r\000e\000s\000o\000n\000a\000n\000t\000\040\000c\000i\000r\000c\000u\000i\000t}{subsection.5.5}% 46
\BOOKMARK [3][-]{subsubsection.5.5.5}{\376\377\0005\000.\0005\000.\0005\000\040\000V\000o\000l\000t\000a\000g\000e\000\040\000c\000u\000r\000v\000e\000\040\000o\000f\000\040\000t\000h\000e\000\040\000R\000L\000C\000\040\000p\000a\000r\000a\000l\000l\000e\000l\000\040\000r\000e\000s\000o\000n\000a\000n\000t\000\040\000c\000i\000r\000c\000u\000i\000t}{subsection.5.5}% 47
\BOOKMARK [3][-]{subsubsection.5.5.6}{\376\377\0005\000.\0005\000.\0006\000\040\000C\000u\000r\000r\000e\000n\000t\000\040\000c\000u\000r\000v\000e\000\040\000o\000f\000\040\000t\000h\000e\000\040\000R\000L\000C\000\040\000p\000a\000r\000a\000l\000l\000e\000l\000\040\000r\000e\000s\000o\000n\000a\000n\000t\000\040\000c\000i\000r\000c\000u\000i\000t}{subsection.5.5}% 48
\BOOKMARK [1][-]{section.6}{\376\377\0006\000\040\000A\000d\000d\000i\000t\000i\000o\000n\000a\000l\000\040\000c\000a\000l\000c\000u\000l\000a\000t\000i\000o\000n}{}% 49
\BOOKMARK [1][-]{appendix.A}{\376\377\000A\000\040\000E\000x\000e\000r\000c\000i\000s\000e\000\040\000t\000a\000s\000k\000s}{}% 50
\BOOKMARK [2][-]{subsection.A.1}{\376\377\000A\000.\0001\000\040\000R\000C\000\040\000l\000o\000w\000-\000p\000a\000s\000s\000\040\000f\000i\000l\000t\000e\000r\000,\000\040\0001\000s\000t\000\040\000o\000r\000d\000e\000r}{appendix.A}% 51
\BOOKMARK [2][-]{subsection.A.2}{\376\377\000A\000.\0002\000\040\0001\000s\000t\000\040\000o\000r\000d\000e\000r\000\040\000R\000C\000\040\000h\000i\000g\000h\000\040\000p\000a\000s\000s\000\040\000f\000i\000l\000t\000e\000r}{appendix.A}% 52
\BOOKMARK [2][-]{subsection.A.3}{\376\377\000A\000.\0003\000\040\000F\000r\000e\000q\000u\000e\000n\000c\000y\000\040\000r\000e\000s\000p\000o\000n\000s\000e\000\040\000o\000f\000\040\000a\000n\000\040\000R\000L\000C\000\040\000s\000e\000r\000i\000e\000s\000\040\000r\000e\000s\000o\000n\000a\000n\000t\000\040\000c\000i\000r\000c\000u\000i\000t}{appendix.A}% 53
\BOOKMARK [2][-]{subsection.A.4}{\376\377\000A\000.\0004\000\040\000F\000r\000e\000q\000u\000e\000n\000c\000y\000\040\000r\000e\000s\000p\000o\000n\000s\000e\000\040\000o\000f\000\040\000a\000\040\000f\000o\000u\000r\000-\000p\000o\000l\000e\000\040\000c\000i\000r\000c\000u\000i\000t\000\040\000c\000o\000n\000s\000i\000s\000t\000i\000n\000g\000\040\000o\000f\000\040\000R\000,\000\040\000L\000\040\000a\000n\000d\000\040\000C}{appendix.A}% 54
\BOOKMARK [2][-]{subsection.A.5}{\376\377\000A\000.\0005\000\040\000R\000L\000C\000\040\000p\000a\000r\000a\000l\000l\000e\000l\000\040\000r\000e\000s\000o\000n\000a\000n\000t\000\040\000c\000i\000r\000c\000u\000i\000t}{appendix.A}% 55
\BOOKMARK [2][-]{subsection.A.6}{\376\377\000A\000.\0006\000\040\000S\000e\000c\000o\000n\000d\000-\000o\000r\000d\000e\000r\000\040\000R\000C\000\040\000f\000i\000l\000t\000e\000r}{appendix.A}% 56
\BOOKMARK [2][-]{subsection.A.7}{\376\377\000A\000.\0007\000\040\000I\000m\000p\000e\000d\000a\000n\000c\000e\000\040\000a\000n\000d\000\040\000a\000d\000m\000i\000t\000t\000a\000n\000c\000e\000\040\000l\000o\000c\000u\000s\000\040\000c\000u\000r\000v\000e\000\040\000o\000f\000\040\000a\000n\000\040\000R\000L\000\040\000e\000l\000e\000m\000e\000n\000t}{appendix.A}% 57
\BOOKMARK [2][-]{subsection.A.8}{\376\377\000A\000.\0008\000\040\000A\000d\000m\000i\000t\000t\000a\000n\000c\000e\000\040\000l\000o\000c\000u\000s\000\040\000c\000u\000r\000v\000e\000\040\000o\000f\000\040\000m\000i\000x\000e\000d\000\040\000s\000e\000r\000i\000e\000s\000/\000p\000a\000r\000a\000l\000l\000e\000l\000\040\000c\000o\000n\000n\000e\000c\000t\000i\000o\000n}{appendix.A}% 58
\BOOKMARK [2][-]{subsection.A.9}{\376\377\000A\000.\0009\000\040\000A\000C\000\040\000m\000e\000a\000s\000u\000r\000i\000n\000g\000\040\000b\000r\000i\000d\000g\000e}{appendix.A}% 59
\BOOKMARK [1][-]{appendix.B}{\376\377\000B\000\040\000S\000o\000l\000u\000t\000i\000o\000n\000s\000\040\000t\000o\000\040\000t\000h\000e\000\040\000e\000x\000e\000r\000c\000i\000s\000e\000s}{}% 60
\BOOKMARK [2][-]{subsection.B.1}{\376\377\000B\000.\0001\000\040\000R\000C\000\040\000l\000o\000w\000-\000p\000a\000s\000s\000\040\000f\000i\000l\000t\000e\000r\000,\000\040\0001\000s\000t\000\040\000o\000r\000d\000e\000r}{appendix.B}% 61
\BOOKMARK [2][-]{subsection.B.2}{\376\377\000B\000.\0002\000\040\0001\000s\000t\000\040\000o\000r\000d\000e\000r\000\040\000R\000C\000\040\000h\000i\000g\000h\000\040\000p\000a\000s\000s\000\040\000f\000i\000l\000t\000e\000r}{appendix.B}% 62
\BOOKMARK [2][-]{subsection.B.3}{\376\377\000B\000.\0003\000\040\000F\000r\000e\000q\000u\000e\000n\000c\000y\000\040\000r\000e\000s\000p\000o\000n\000s\000e\000\040\000o\000f\000\040\000a\000n\000\040\000R\000L\000C\000\040\000s\000e\000r\000i\000e\000s\000\040\000r\000e\000s\000o\000n\000a\000n\000t\000\040\000c\000i\000r\000c\000u\000i\000t}{appendix.B}% 63
\BOOKMARK [2][-]{subsection.B.4}{\376\377\000B\000.\0004\000\040\000F\000r\000e\000q\000u\000e\000n\000c\000y\000\040\000r\000e\000s\000p\000o\000n\000s\000e\000\040\000o\000f\000\040\000a\000\040\000f\000o\000u\000r\000-\000p\000o\000l\000e\000\040\000c\000i\000r\000c\000u\000i\000t\000\040\000c\000o\000n\000s\000i\000s\000t\000i\000n\000g\000\040\000o\000f\000\040\000R\000,\000\040\000L\000\040\000a\000n\000d\000\040\000C}{appendix.B}% 64
\BOOKMARK [2][-]{subsection.B.5}{\376\377\000B\000.\0005\000\040\000R\000L\000C\000\040\000p\000a\000r\000a\000l\000l\000e\000l\000\040\000r\000e\000s\000o\000n\000a\000n\000t\000\040\000c\000i\000r\000c\000u\000i\000t}{appendix.B}% 65
\BOOKMARK [2][-]{subsection.B.6}{\376\377\000B\000.\0006\000\040\000S\000e\000c\000o\000n\000d\000-\000o\000r\000d\000e\000r\000\040\000R\000C\000\040\000f\000i\000l\000t\000e\000r}{appendix.B}% 66
\BOOKMARK [2][-]{subsection.B.7}{\376\377\000B\000.\0007\000\040\000I\000m\000p\000e\000d\000a\000n\000c\000e\000\040\000a\000n\000d\000\040\000a\000d\000m\000i\000t\000t\000a\000n\000c\000e\000\040\000l\000o\000c\000u\000s\000\040\000c\000u\000r\000v\000e\000\040\000o\000f\000\040\000a\000n\000\040\000R\000L\000\040\000e\000l\000e\000m\000e\000n\000t}{appendix.B}% 67
\BOOKMARK [2][-]{subsection.B.8}{\376\377\000B\000.\0008\000\040\000A\000d\000m\000i\000t\000t\000a\000n\000c\000e\000\040\000l\000o\000c\000u\000s\000\040\000c\000u\000r\000v\000e\000\040\000o\000f\000\040\000m\000i\000x\000e\000d\000\040\000s\000e\000r\000i\000e\000s\000/\000p\000a\000r\000a\000l\000l\000e\000l\000\040\000c\000o\000n\000n\000e\000c\000t\000i\000o\000n}{appendix.B}% 68
\BOOKMARK [2][-]{subsection.B.9}{\376\377\000B\000.\0009\000\040\000A\000C\000\040\000m\000e\000a\000s\000u\000r\000i\000n\000g\000\040\000b\000r\000i\000d\000g\000e}{appendix.B}% 69
\BOOKMARK [1][-]{subsection.B.9}{\376\377\000L\000i\000s\000t\000\040\000o\000f\000\040\000r\000e\000f\000e\000r\000e\000n\000c\000e\000s}{}% 70
\BOOKMARK [1][-]{section*.61}{\376\377\000I\000n\000d\000e\000x}{}% 71
