\BOOKMARK [1][-]{section.1}{\376\377\0001\000\040\000M\000o\000t\000i\000v\000a\000t\000i\000o\000n}{}% 1
\BOOKMARK [1][-]{section.2}{\376\377\0002\000\040\000P\000h\000y\000s\000i\000c\000a\000l\000\040\000q\000u\000a\000n\000t\000i\000t\000i\000e\000s\000\040\000-\000\040\000d\000e\000f\000i\000n\000i\000t\000i\000o\000n\000s\000\040\000a\000n\000d\000\040\000u\000n\000i\000t\000s\000\040\000o\000f\000\040\000m\000e\000a\000s\000u\000r\000e\000m\000e\000n\000t}{}% 2
\BOOKMARK [2][-]{subsection.2.1}{\376\377\0002\000.\0001\000\040\000T\000h\000e\000\040\000S\000I\000\040\000s\000y\000s\000t\000e\000m\000\040\000o\000f\000\040\000u\000n\000i\000t\000s}{section.2}% 3
\BOOKMARK [2][-]{subsection.2.2}{\376\377\0002\000.\0002\000\040\000P\000o\000w\000e\000r\000s\000\040\000o\000f\000\040\000t\000e\000n}{section.2}% 4
\BOOKMARK [1][-]{section.3}{\376\377\0003\000\040\000T\000h\000e\000\040\000e\000l\000e\000c\000t\000r\000i\000c\000a\000l\000\040\000c\000h\000a\000r\000g\000e}{}% 5
\BOOKMARK [2][-]{subsection.3.1}{\376\377\0003\000.\0001\000\040\000T\000h\000e\000\040\000a\000t\000o\000m\000i\000c\000\040\000s\000t\000r\000u\000c\000t\000u\000r\000e}{section.3}% 6
\BOOKMARK [2][-]{subsection.3.2}{\376\377\0003\000.\0002\000\040\000C\000h\000a\000r\000g\000e\000\040\000d\000e\000n\000s\000i\000t\000i\000e\000s}{section.3}% 7
\BOOKMARK [2][-]{subsection.3.3}{\376\377\0003\000.\0003\000\040\000E\000l\000e\000c\000t\000r\000i\000c\000a\000l\000\040\000c\000o\000n\000d\000u\000c\000t\000o\000r\000s\000\040\000-\000\040\000m\000e\000t\000a\000l\000s}{section.3}% 8
\BOOKMARK [2][-]{subsection.3.4}{\376\377\0003\000.\0004\000\040\000C\000o\000u\000l\000o\000m\000b\000'\000s\000\040\000l\000a\000w}{section.3}% 9
\BOOKMARK [1][-]{section.4}{\376\377\0004\000\040\000T\000h\000e\000\040\000e\000l\000e\000c\000t\000r\000i\000c\000\040\000f\000i\000e\000l\000d\000d}{}% 10
\BOOKMARK [2][-]{subsection.4.1}{\376\377\0004\000.\0001\000\040\000C\000h\000a\000r\000a\000c\000t\000e\000r\000i\000s\000a\000t\000i\000o\000n\000\040\000o\000f\000\040\000t\000h\000e\000\040\000e\000l\000e\000c\000t\000r\000i\000c\000\040\000f\000i\000e\000l\000d}{section.4}% 11
\BOOKMARK [2][-]{subsection.4.2}{\376\377\0004\000.\0002\000\040\000E\000l\000e\000c\000t\000r\000i\000c\000a\000l\000\040\000c\000o\000n\000d\000u\000c\000t\000o\000r\000s\000\040\000a\000n\000d\000\040\000e\000l\000e\000c\000t\000r\000o\000s\000t\000a\000t\000i\000c\000\040\000f\000i\000e\000l\000d\000s\000\040\000I}{section.4}% 12
\BOOKMARK [2][-]{subsection.4.3}{\376\377\0004\000.\0003\000\040\000E\000x\000a\000m\000p\000l\000e\000s\000\040\000o\000f\000\040\000e\000l\000e\000c\000t\000r\000i\000c\000\040\000f\000i\000e\000l\000d\000s}{section.4}% 13
\BOOKMARK [1][-]{section.5}{\376\377\0005\000\040\000T\000h\000e\000\040\000e\000l\000e\000c\000t\000r\000i\000c\000a\000l\000\040\000p\000o\000t\000e\000n\000t\000i\000a\000l}{}% 14
\BOOKMARK [2][-]{subsection.5.1}{\376\377\0005\000.\0001\000\040\000W\000o\000r\000k\000\040\000i\000n\000\040\000a\000n\000\040\000e\000l\000e\000c\000t\000r\000i\000c\000\040\000f\000i\000e\000l\000d}{section.5}% 15
\BOOKMARK [2][-]{subsection.5.2}{\376\377\0005\000.\0002\000\040\000D\000e\000f\000i\000n\000i\000t\000i\000o\000n\000\040\000o\000f\000\040\000e\000l\000e\000c\000t\000r\000i\000c\000a\000l\000\040\000p\000o\000t\000e\000n\000t\000i\000a\000l}{section.5}% 16
\BOOKMARK [2][-]{subsection.5.3}{\376\377\0005\000.\0003\000\040\000C\000o\000n\000n\000e\000c\000t\000i\000o\000n\000\040\000b\000e\000t\000w\000e\000e\000n\000\040\000w\000o\000r\000k\000\040\000a\000n\000d\000\040\000p\000o\000t\000e\000n\000t\000i\000a\000l}{section.5}% 17
\BOOKMARK [2][-]{subsection.5.4}{\376\377\0005\000.\0004\000\040\000D\000e\000f\000i\000n\000i\000t\000i\000o\000n\000\040\000o\000f\000\040\000e\000l\000e\000c\000t\000r\000i\000c\000a\000l\000\040\000v\000o\000l\000t\000a\000g\000e}{section.5}% 18
\BOOKMARK [1][-]{section.6}{\376\377\0006\000\040\000T\000h\000e\000\040\000e\000l\000e\000c\000t\000r\000i\000c\000\040\000c\000u\000r\000r\000e\000n\000t}{}% 19
\BOOKMARK [2][-]{subsection.6.1}{\376\377\0006\000.\0001\000\040\000T\000h\000e\000\040\000e\000l\000e\000c\000t\000r\000i\000c\000\040\000f\000l\000o\000w\000\040\000f\000i\000e\000l\000d}{section.6}% 20
\BOOKMARK [2][-]{subsection.6.2}{\376\377\0006\000.\0002\000\040\000E\000l\000e\000c\000t\000r\000i\000c\000\040\000c\000u\000r\000r\000e\000n\000t}{section.6}% 21
\BOOKMARK [2][-]{subsection.6.3}{\376\377\0006\000.\0003\000\040\000D\000e\000f\000i\000n\000i\000t\000i\000o\000n\000\040\000o\000f\000\040\000e\000l\000e\000c\000t\000r\000i\000c\000a\000l\000\040\000c\000u\000r\000r\000e\000n\000t}{section.6}% 22
\BOOKMARK [1][-]{appendix.A}{\376\377\000A\000\040\000E\000x\000e\000r\000c\000i\000s\000e\000\040\000t\000a\000s\000k\000s}{}% 23
\BOOKMARK [2][-]{subsection.A.1}{\376\377\000A\000.\0001\000\040\000E\000l\000e\000c\000t\000r\000i\000c\000\040\000h\000o\000m\000o\000g\000e\000n\000e\000o\000u\000s\000\040\000f\000i\000e\000l\000d\000\040\0001}{appendix.A}% 24
\BOOKMARK [2][-]{subsection.A.2}{\376\377\000A\000.\0002\000\040\000E\000l\000e\000c\000t\000r\000i\000c\000\040\000h\000o\000m\000o\000g\000e\000n\000e\000o\000u\000s\000\040\000f\000i\000e\000l\000d\000\040\0002}{appendix.A}% 25
\BOOKMARK [2][-]{subsection.A.3}{\376\377\000A\000.\0003\000\040\000E\000l\000e\000c\000t\000r\000i\000c\000\040\000h\000o\000m\000o\000g\000e\000n\000e\000o\000u\000s\000\040\000f\000i\000e\000l\000d\000\040\0003}{appendix.A}% 26
\BOOKMARK [2][-]{subsection.A.4}{\376\377\000A\000.\0004\000\040\000C\000h\000a\000r\000g\000e\000\040\000c\000a\000r\000r\000i\000e\000r\000\040\000v\000e\000l\000o\000c\000i\000t\000y}{appendix.A}% 27
\BOOKMARK [1][-]{appendix.B}{\376\377\000B\000\040\000S\000o\000l\000u\000t\000i\000o\000n\000s\000\040\000t\000o\000\040\000t\000h\000e\000\040\000e\000x\000e\000r\000c\000i\000s\000e\000s}{}% 28
\BOOKMARK [2][-]{subsection.B.1}{\376\377\000B\000.\0001\000\040\000E\000l\000e\000c\000t\000r\000i\000c\000\040\000h\000o\000m\000o\000g\000e\000n\000e\000o\000u\000s\000\040\000f\000i\000e\000l\000d\000\040\0001}{appendix.B}% 29
\BOOKMARK [2][-]{subsection.B.2}{\376\377\000B\000.\0002\000\040\000E\000l\000e\000c\000t\000r\000i\000c\000\040\000h\000o\000m\000o\000g\000e\000n\000e\000o\000u\000s\000\040\000f\000i\000e\000l\000d\000\040\0002}{appendix.B}% 30
\BOOKMARK [2][-]{subsection.B.3}{\376\377\000B\000.\0003\000\040\000E\000l\000e\000c\000t\000r\000i\000c\000\040\000h\000o\000m\000o\000g\000e\000n\000e\000o\000u\000s\000\040\000f\000i\000e\000l\000d\000\040\0003}{appendix.B}% 31
\BOOKMARK [2][-]{subsection.B.4}{\376\377\000B\000.\0004\000\040\000C\000h\000a\000r\000g\000e\000\040\000c\000a\000r\000r\000i\000e\000r\000\040\000v\000e\000l\000o\000c\000i\000t\000y}{appendix.B}% 32
