\BOOKMARK [1][-]{section.1}{\376\377\0001\000\040\000K\000l\000a\000s\000s\000i\000f\000i\000z\000i\000e\000r\000u\000n\000g\000\040\000e\000l\000e\000k\000t\000r\000i\000s\000c\000h\000e\000r\000\040\000M\000a\000s\000c\000h\000i\000n\000e\000n}{}% 1
\BOOKMARK [1][-]{section.2}{\376\377\0002\000\040\000D\000e\000r\000\040\000T\000r\000a\000n\000s\000f\000o\000r\000m\000a\000t\000o\000r}{}% 2
\BOOKMARK [2][-]{subsection.2.1}{\376\377\0002\000.\0001\000\040\000P\000r\000i\000n\000z\000i\000p\000\040\000d\000e\000s\000\040\000T\000r\000a\000n\000s\000f\000o\000r\000m\000a\000t\000o\000r\000s}{section.2}% 3
\BOOKMARK [2][-]{subsection.2.2}{\376\377\0002\000.\0002\000\040\000A\000u\000f\000b\000a\000u\000\040\000d\000e\000s\000\040\000T\000r\000a\000n\000s\000f\000o\000r\000m\000a\000t\000o\000r\000s}{section.2}% 4
\BOOKMARK [2][-]{subsection.2.3}{\376\377\0002\000.\0003\000\040\000E\000r\000s\000a\000t\000z\000s\000c\000h\000a\000l\000t\000b\000i\000l\000d}{section.2}% 5
\BOOKMARK [1][-]{section.3}{\376\377\0003\000\040\000G\000l\000e\000i\000c\000h\000s\000t\000r\000o\000m\000m\000a\000s\000c\000h\000i\000n\000e}{}% 6
\BOOKMARK [2][-]{subsection.3.1}{\376\377\0003\000.\0001\000\040\000E\000x\000k\000u\000r\000s\000\040\000P\000r\000i\000n\000z\000i\000p\000\040\000d\000e\000s\000\040\000E\000l\000e\000k\000t\000r\000o\000m\000o\000t\000o\000r\000s}{section.3}% 7
\BOOKMARK [2][-]{subsection.3.2}{\376\377\0003\000.\0002\000\040\000A\000u\000f\000b\000a\000u\000\040\000u\000n\000d\000\040\000G\000e\000h\000\344\000u\000s\000e\000k\000o\000n\000s\000t\000r\000u\000k\000t\000i\000o\000n}{section.3}% 8
\BOOKMARK [2][-]{subsection.3.3}{\376\377\0003\000.\0003\000\040\000M\000a\000g\000n\000e\000t\000i\000s\000c\000h\000e\000\040\000F\000e\000l\000d\000e\000r}{section.3}% 9
\BOOKMARK [2][-]{subsection.3.4}{\376\377\0003\000.\0004\000\040\000B\000e\000r\000e\000c\000h\000n\000u\000n\000g\000\040\000d\000e\000s\000\040\000D\000r\000e\000h\000m\000o\000m\000e\000n\000t\000s}{section.3}% 10
\BOOKMARK [2][-]{subsection.3.5}{\376\377\0003\000.\0005\000\040\000F\000r\000e\000m\000d\000e\000r\000r\000e\000g\000t\000e\000\040\000G\000l\000e\000i\000c\000h\000s\000t\000r\000o\000m\000m\000a\000s\000c\000h\000i\000n\000e}{section.3}% 11
\BOOKMARK [2][-]{subsection.3.6}{\376\377\0003\000.\0006\000\040\000R\000e\000i\000h\000e\000n\000s\000c\000h\000l\000u\000s\000s\000m\000a\000s\000c\000h\000i\000n\000e}{section.3}% 12
\BOOKMARK [1][-]{section.4}{\376\377\0004\000\040\000S\000y\000n\000c\000h\000r\000o\000n\000m\000a\000s\000c\000h\000i\000n\000e}{}% 13
\BOOKMARK [2][-]{subsection.4.1}{\376\377\0004\000.\0001\000\040\000A\000u\000f\000b\000a\000u}{section.4}% 14
\BOOKMARK [2][-]{subsection.4.2}{\376\377\0004\000.\0002\000\040\000F\000e\000l\000d\000v\000e\000r\000l\000\344\000u\000f\000e}{section.4}% 15
\BOOKMARK [2][-]{subsection.4.3}{\376\377\0004\000.\0003\000\040\000E\000r\000s\000a\000t\000z\000s\000c\000h\000a\000l\000t\000b\000i\000l\000d\000\040}{section.4}% 16
\BOOKMARK [1][-]{section.5}{\376\377\0005\000\040\000A\000s\000y\000n\000c\000h\000r\000o\000n\000m\000a\000s\000c\000h\000i\000n\000e}{}% 17
\BOOKMARK [2][-]{subsection.5.1}{\376\377\0005\000.\0001\000\040\000A\000u\000f\000b\000a\000u}{section.5}% 18
\BOOKMARK [2][-]{subsection.5.2}{\376\377\0005\000.\0002\000\040\000K\000\344\000f\000i\000g\000l\000\344\000u\000f\000e\000r}{section.5}% 19
\BOOKMARK [2][-]{subsection.5.3}{\376\377\0005\000.\0003\000\040\000A\000n\000l\000a\000u\000f\000\040\000d\000e\000r\000\040\000A\000S\000M}{section.5}% 20
\BOOKMARK [2][-]{subsection.5.4}{\376\377\0005\000.\0004\000\040\000B\000e\000t\000r\000i\000e\000b\000\040\000d\000e\000r\000\040\000A\000S\000M}{section.5}% 21
\BOOKMARK [2][-]{subsection.5.5}{\376\377\0005\000.\0005\000\040\000D\000r\000e\000h\000z\000a\000h\000l\000/\000D\000r\000e\000h\000m\000o\000m\000e\000n\000t\000e\000n\000-\000K\000e\000n\000n\000l\000i\000n\000i\000e}{section.5}% 22
\BOOKMARK [1][-]{appendix.A}{\376\377\000A\000\040\000\334\000b\000u\000n\000g\000s\000a\000u\000f\000g\000a\000b\000e\000n}{}% 23
\BOOKMARK [2][-]{subsection.A.1}{\376\377\000A\000.\0001\000\040\000G\000l\000e\000i\000c\000h\000s\000t\000r\000o\000m\000m\000a\000s\000c\000h\000i\000n\000e\000\040\0001}{appendix.A}% 24
\BOOKMARK [1][-]{appendix.B}{\376\377\000B\000\040\000L\000\366\000s\000u\000n\000g\000e\000n\000\040\000z\000u\000\040\000d\000e\000n\000\040\000\334\000b\000u\000n\000g\000s\000a\000u\000f\000g\000a\000b\000e\000n}{}% 25
\BOOKMARK [2][-]{subsection.B.1}{\376\377\000B\000.\0001\000\040\000G\000l\000e\000i\000c\000h\000s\000t\000r\000o\000m\000m\000a\000s\000c\000h\000i\000n\000e\000\040\0001}{appendix.B}% 26
\BOOKMARK [1][-]{section*.36}{\376\377\000I\000n\000d\000e\000x}{}% 27
