\BOOKMARK [1][-]{section.1}{\376\377\0001\000\040\000I\000n\000t\000r\000o\000d\000u\000c\000t\000i\000o\000n}{}% 1
\BOOKMARK [1][-]{section.2}{\376\377\0002\000\040\000C\000o\000n\000d\000u\000c\000t\000i\000v\000i\000t\000y\000\040\000a\000n\000d\000\040\000r\000e\000s\000i\000s\000t\000a\000n\000c\000e}{}% 2
\BOOKMARK [2][-]{subsection.2.1}{\376\377\0002\000.\0001\000\040\000E\000l\000e\000c\000t\000r\000i\000c\000a\000l\000\040\000c\000o\000n\000d\000u\000c\000t\000i\000v\000i\000t\000y}{section.2}% 3
\BOOKMARK [2][-]{subsection.2.2}{\376\377\0002\000.\0002\000\040\000E\000l\000e\000c\000t\000r\000i\000c\000a\000l\000\040\000c\000o\000n\000d\000u\000c\000t\000i\000v\000i\000t\000y}{section.2}% 4
\BOOKMARK [2][-]{subsection.2.3}{\376\377\0002\000.\0003\000\040\000E\000l\000e\000c\000t\000r\000i\000c\000a\000l\000\040\000c\000o\000n\000d\000u\000c\000t\000i\000v\000i\000t\000y}{section.2}% 5
\BOOKMARK [2][-]{subsection.2.4}{\376\377\0002\000.\0004\000\040\000E\000l\000e\000c\000t\000r\000i\000c\000a\000l\000\040\000c\000o\000n\000d\000u\000c\000t\000i\000v\000i\000t\000y}{section.2}% 6
\BOOKMARK [2][-]{subsection.2.5}{\376\377\0002\000.\0005\000\040\000D\000r\000i\000f\000t\000\040\000b\000e\000h\000a\000v\000i\000o\000u\000r\000\040\000o\000f\000\040\000e\000l\000e\000c\000t\000r\000o\000n\000s\000\040\000i\000n\000\040\000c\000o\000n\000d\000u\000c\000t\000o\000r\000s}{section.2}% 7
\BOOKMARK [2][-]{subsection.2.6}{\376\377\0002\000.\0006\000\040\000M\000a\000t\000h\000e\000m\000a\000t\000i\000c\000a\000l\000\040\000r\000e\000l\000a\000t\000i\000o\000n\000s\000h\000i\000p\000s\000\040\000o\000f\000\040\000c\000o\000n\000d\000u\000c\000t\000i\000v\000i\000t\000y}{section.2}% 8
\BOOKMARK [2][-]{subsection.2.7}{\376\377\0002\000.\0007\000\040\000R\000e\000s\000i\000s\000t\000a\000n\000c\000e\000\040\000a\000s\000\040\000a\000\040\000c\000o\000m\000p\000o\000n\000e\000n\000t}{section.2}% 9
\BOOKMARK [2][-]{subsection.2.8}{\376\377\0002\000.\0008\000\040\000P\000T\000C\000\040\000a\000n\000d\000\040\000N\000T\000C}{section.2}% 10
\BOOKMARK [1][-]{section.3}{\376\377\0003\000\040\000V\000o\000l\000t\000a\000g\000e\000\040\000a\000n\000d\000\040\000c\000u\000r\000r\000e\000n\000t\000\040\000s\000o\000u\000r\000c\000e}{}% 11
\BOOKMARK [2][-]{subsection.3.1}{\376\377\0003\000.\0001\000\040\000V\000o\000l\000t\000a\000g\000e\000\040\000s\000o\000u\000r\000c\000e\000s}{section.3}% 12
\BOOKMARK [2][-]{subsection.3.2}{\376\377\0003\000.\0002\000\040\000M\000o\000d\000e\000l\000l\000i\000n\000g\000\040\000r\000e\000a\000l\000\040\000v\000o\000l\000t\000a\000g\000e\000\040\000s\000o\000u\000r\000c\000e\000s}{section.3}% 13
\BOOKMARK [2][-]{subsection.3.3}{\376\377\0003\000.\0003\000\040\000C\000u\000r\000r\000e\000n\000t\000\040\000s\000o\000u\000r\000c\000e\000s}{section.3}% 14
\BOOKMARK [2][-]{subsection.3.4}{\376\377\0003\000.\0004\000\040\000M\000o\000d\000e\000l\000l\000i\000n\000g\000\040\000r\000e\000a\000l\000\040\000c\000u\000r\000r\000e\000n\000t\000\040\000s\000o\000u\000r\000c\000e\000s}{section.3}% 15
\BOOKMARK [2][-]{subsection.3.5}{\376\377\0003\000.\0005\000\040\000C\000o\000n\000v\000e\000r\000s\000i\000o\000n\000\040\000o\000f\000\040\000v\000o\000l\000t\000a\000g\000e\000\040\000a\000n\000d\000\040\000c\000u\000r\000r\000e\000n\000t\000\040\000s\000o\000u\000r\000c\000e\000s}{section.3}% 16
\BOOKMARK [2][-]{subsection.3.6}{\376\377\0003\000.\0006\000\040\000V\000a\000r\000i\000o\000u\000s\000\040\000v\000o\000l\000t\000a\000g\000e\000\040\000a\000n\000d\000\040\000c\000u\000r\000r\000e\000n\000t\000\040\000s\000o\000u\000r\000c\000e\000s}{section.3}% 17
\BOOKMARK [1][-]{section.4}{\376\377\0004\000\040\000C\000a\000p\000a\000c\000i\000t\000y\000\040\000a\000n\000d\000\040\000c\000a\000p\000a\000c\000i\000t\000o\000r}{}% 18
\BOOKMARK [2][-]{subsection.4.1}{\376\377\0004\000.\0001\000\040\000E\000l\000e\000c\000t\000r\000i\000c\000a\000l\000\040\000c\000a\000p\000a\000c\000i\000t\000y\000\040\000C}{section.4}% 19
\BOOKMARK [2][-]{subsection.4.2}{\376\377\0004\000.\0002\000\040\000T\000h\000e\000\040\000c\000a\000p\000a\000c\000i\000t\000o\000r\000\040\000a\000s\000\040\000a\000\040\000c\000o\000m\000p\000o\000n\000e\000n\000t}{section.4}% 20
\BOOKMARK [2][-]{subsection.4.3}{\376\377\0004\000.\0003\000\040\000T\000h\000e\000\040\000d\000i\000e\000l\000e\000c\000t\000r\000i\000c}{section.4}% 21
\BOOKMARK [2][-]{subsection.4.4}{\376\377\0004\000.\0004\000\040\000T\000h\000e\000\040\000e\000l\000e\000c\000t\000r\000i\000c\000\040\000f\000l\000u\000x\000\040\000d\000e\000n\000s\000i\000t\000y}{section.4}% 22
\BOOKMARK [2][-]{subsection.4.5}{\376\377\0004\000.\0005\000\040\000S\000w\000i\000t\000c\000h\000i\000n\000g\000\040\000b\000e\000h\000a\000v\000i\000o\000u\000r\000\040\000o\000f\000\040\000a\000\040\000c\000a\000p\000a\000c\000i\000t\000o\000r}{section.4}% 23
\BOOKMARK [1][-]{section.5}{\376\377\0005\000\040\000I\000n\000d\000u\000c\000t\000a\000n\000c\000e\000\040\000a\000n\000d\000\040\000c\000o\000i\000l}{}% 24
\BOOKMARK [2][-]{subsection.5.1}{\376\377\0005\000.\0001\000\040\000T\000h\000e\000\040\000i\000n\000d\000u\000c\000t\000a\000n\000c\000e\000\040\000L}{section.5}% 25
\BOOKMARK [2][-]{subsection.5.2}{\376\377\0005\000.\0002\000\040\000T\000h\000e\000\040\000c\000o\000i\000l\000\040\000a\000s\000\040\000a\000\040\000c\000o\000m\000p\000o\000n\000e\000n\000t}{section.5}% 26
\BOOKMARK [2][-]{subsection.5.3}{\376\377\0005\000.\0003\000\040\000P\000e\000r\000m\000e\000a\000b\000i\000l\000i\000t\000y}{section.5}% 27
\BOOKMARK [2][-]{subsection.5.4}{\376\377\0005\000.\0004\000\040\000T\000h\000e\000\040\000m\000a\000g\000n\000e\000t\000i\000c\000\040\000f\000i\000e\000l\000d\000\040\000s\000t\000r\000e\000n\000g\000t\000h}{section.5}% 28
\BOOKMARK [2][-]{subsection.5.5}{\376\377\0005\000.\0005\000\040\000S\000w\000i\000t\000c\000h\000i\000n\000g\000\040\000b\000e\000h\000a\000v\000i\000o\000u\000r\000\040\000o\000f\000\040\000a\000\040\000c\000o\000i\000l}{section.5}% 29
\BOOKMARK [1][-]{appendix.A}{\376\377\000A\000\040\000E\000x\000e\000r\000c\000i\000s\000e\000\040\000t\000a\000s\000k\000s}{}% 30
\BOOKMARK [2][-]{subsection.A.1}{\376\377\000A\000.\0001\000\040\000M\000a\000t\000e\000r\000i\000a\000l\000\040\000d\000e\000p\000e\000n\000d\000e\000n\000c\000e\000\040\000o\000f\000\040\000r\000e\000s\000i\000s\000t\000a\000n\000c\000e\000\040\000R}{appendix.A}% 31
\BOOKMARK [2][-]{subsection.A.2}{\376\377\000A\000.\0002\000\040\000E\000l\000e\000c\000t\000r\000i\000c\000a\000l\000\040\000r\000e\000s\000i\000s\000t\000a\000n\000c\000e\000\040}{appendix.A}% 32
\BOOKMARK [2][-]{subsection.A.3}{\376\377\000A\000.\0003\000\040\000E\000l\000e\000c\000t\000r\000i\000c\000a\000l\000\040\000r\000e\000s\000i\000s\000t\000a\000n\000c\000e\000\040\000o\000f\000\040\000a\000\040\000c\000o\000a\000t\000e\000d\000\040\000w\000i\000r\000e}{appendix.A}% 33
\BOOKMARK [2][-]{subsection.A.4}{\376\377\000A\000.\0004\000\040\000R\000e\000a\000l\000\040\000p\000o\000w\000e\000r\000\040\000s\000o\000u\000r\000c\000e\000s}{appendix.A}% 34
\BOOKMARK [2][-]{subsection.A.5}{\376\377\000A\000.\0005\000\040\000V\000o\000l\000t\000a\000g\000e\000\040\000s\000o\000u\000r\000c\000e}{appendix.A}% 35
\BOOKMARK [2][-]{subsection.A.6}{\376\377\000A\000.\0006\000\040\000C\000a\000p\000a\000c\000i\000t\000a\000n\000c\000e\000\040\000a\000n\000d\000\040\000c\000a\000p\000a\000c\000i\000t\000o\000r}{appendix.A}% 36
\BOOKMARK [2][-]{subsection.A.7}{\376\377\000A\000.\0007\000\040\000I\000n\000d\000u\000c\000t\000a\000n\000c\000e\000\040\000a\000n\000d\000\040\000c\000o\000i\000l}{appendix.A}% 37
\BOOKMARK [2][-]{subsection.A.8}{\376\377\000A\000.\0008\000\040\000I\000n\000d\000u\000c\000t\000a\000n\000c\000e\000,\000\040\000m\000a\000g\000n\000e\000t\000i\000c\000\040\000f\000l\000u\000x\000\040\000d\000e\000n\000s\000i\000t\000y\000\040\000a\000n\000d\000\040\000m\000a\000g\000n\000e\000t\000i\000c\000\040\000f\000i\000e\000l\000d\000\040\000e\000n\000e\000r\000g\000y}{appendix.A}% 38
\BOOKMARK [1][-]{appendix.B}{\376\377\000B\000\040\000S\000o\000l\000u\000t\000i\000o\000n\000s\000\040\000t\000o\000\040\000t\000h\000e\000\040\000e\000x\000e\000r\000c\000i\000s\000e\000s}{}% 39
\BOOKMARK [2][-]{subsection.B.1}{\376\377\000B\000.\0001\000\040\000M\000a\000t\000e\000r\000i\000a\000l\000\040\000d\000e\000p\000e\000n\000d\000e\000n\000c\000e\000\040\000o\000f\000\040\000r\000e\000s\000i\000s\000t\000a\000n\000c\000e\000\040\000R}{appendix.B}% 40
\BOOKMARK [2][-]{subsection.B.2}{\376\377\000B\000.\0002\000\040\000E\000l\000e\000c\000t\000r\000i\000c\000a\000l\000\040\000r\000e\000s\000i\000s\000t\000a\000n\000c\000e}{appendix.B}% 41
\BOOKMARK [2][-]{subsection.B.3}{\376\377\000B\000.\0003\000\040\000E\000l\000e\000c\000t\000r\000i\000c\000a\000l\000\040\000r\000e\000s\000i\000s\000t\000a\000n\000c\000e\000\040\000o\000f\000\040\000a\000\040\000c\000o\000a\000t\000e\000d\000\040\000w\000i\000r\000e}{appendix.B}% 42
\BOOKMARK [2][-]{subsection.B.4}{\376\377\000B\000.\0004\000\040\000R\000e\000a\000l\000\040\000c\000u\000r\000r\000e\000n\000t\000\040\000s\000o\000u\000r\000c\000e\000s}{appendix.B}% 43
\BOOKMARK [2][-]{subsection.B.5}{\376\377\000B\000.\0005\000\040\000V\000o\000l\000t\000a\000g\000e\000\040\000s\000o\000u\000r\000c\000e}{appendix.B}% 44
\BOOKMARK [2][-]{subsection.B.6}{\376\377\000B\000.\0006\000\040\000C\000a\000p\000a\000c\000i\000t\000a\000n\000c\000e\000\040\000a\000n\000d\000\040\000c\000a\000p\000a\000c\000i\000t\000o\000r}{appendix.B}% 45
\BOOKMARK [2][-]{subsection.B.7}{\376\377\000B\000.\0007\000\040\000I\000n\000d\000u\000c\000t\000a\000n\000c\000e\000\040\000a\000n\000d\000\040\000c\000o\000i\000l}{appendix.B}% 46
\BOOKMARK [2][-]{subsection.B.8}{\376\377\000B\000.\0008\000\040\000I\000n\000d\000u\000c\000t\000a\000n\000c\000e\000,\000\040\000m\000a\000g\000n\000e\000t\000i\000c\000\040\000f\000l\000u\000x\000\040\000d\000e\000n\000s\000i\000t\000y\000\040\000a\000n\000d\000\040\000m\000a\000g\000n\000e\000t\000i\000c\000\040\000f\000i\000e\000l\000d\000\040\000e\000n\000e\000r\000g\000y}{appendix.B}% 47
