\BOOKMARK [1][-]{section.1}{\376\377\0001\000\040\000I\000n\000t\000r\000o\000d\000u\000c\000t\000i\000o\000n}{}% 1
\BOOKMARK [1][-]{section.2}{\376\377\0002\000\040\000F\000u\000n\000d\000a\000m\000e\000n\000t\000a\000l\000s\000\040\000o\000f\000\040\000C\000o\000m\000p\000l\000e\000x\000\040\000N\000u\000m\000b\000e\000r\000s}{}% 2
\BOOKMARK [2][-]{subsection.2.1}{\376\377\0002\000.\0001\000\040\000K\000o\000m\000p\000l\000e\000x\000e\000\040\000Z\000a\000h\000l\000e\000n\000e\000b\000e\000n\000e}{section.2}% 3
\BOOKMARK [2][-]{subsection.2.2}{\376\377\0002\000.\0002\000\040\000G\000r\000a\000p\000h\000i\000s\000c\000h\000e\000\040\000D\000a\000r\000s\000t\000e\000l\000l\000u\000n\000g\000\040\000u\000n\000d\000\040\000R\000e\000c\000h\000n\000u\000n\000g\000e\000n\000\040\000m\000i\000t\000\040\000k\000o\000m\000p\000l\000e\000x\000e\000n\000\040\000Z\000a\000h\000l\000e\000n}{section.2}% 4
\BOOKMARK [1][-]{section.3}{\376\377\0003\000\040\000Z\000e\000i\000g\000e\000r\000d\000i\000a\000g\000r\000a\000m\000m\000e\000\040\000i\000n\000\040\000d\000e\000r\000\040\000W\000e\000c\000h\000s\000e\000l\000s\000t\000r\000o\000m\000t\000e\000c\000h\000n\000i\000k}{}% 5
\BOOKMARK [2][-]{subsection.3.1}{\376\377\0003\000.\0001\000\040\000P\000e\000r\000i\000o\000d\000i\000s\000c\000h\000e\000\040\000W\000e\000c\000h\000s\000e\000l\000s\000p\000a\000n\000n\000u\000n\000g}{section.3}% 6
\BOOKMARK [2][-]{subsection.3.2}{\376\377\0003\000.\0002\000\040\000K\000o\000m\000p\000l\000e\000x\000e\000r\000\040\000D\000r\000e\000h\000z\000e\000i\000g\000e\000r\000\040\000d\000e\000r\000\040\000A\000m\000p\000l\000i\000t\000u\000d\000e}{section.3}% 7
\BOOKMARK [1][-]{section.4}{\376\377\0004\000\040\000K\000o\000m\000p\000l\000e\000x\000e\000\040\000W\000e\000c\000h\000s\000e\000l\000s\000t\000r\000o\000m\000r\000e\000c\000h\000n\000u\000n\000g}{}% 8
\BOOKMARK [2][-]{subsection.4.1}{\376\377\0004\000.\0001\000\040\000I\000m\000p\000e\000d\000a\000n\000z\000\040\000u\000n\000d\000\040\000A\000t\000t\000m\000i\000t\000a\000n\000z\000\040\000i\000n\000\040\000d\000e\000r\000\040\000k\000o\000m\000p\000l\000e\000x\000e\000n\000\040\000E\000b\000e\000n\000e}{section.4}% 9
\BOOKMARK [2][-]{subsection.4.2}{\376\377\0004\000.\0002\000\040\000K\000o\000m\000p\000l\000e\000x\000e\000r\000\040\000W\000i\000d\000e\000r\000s\000t\000a\000n\000d}{section.4}% 10
\BOOKMARK [2][-]{subsection.4.3}{\376\377\0004\000.\0003\000\040\000K\000a\000p\000a\000z\000i\000t\000\344\000t}{section.4}% 11
\BOOKMARK [2][-]{subsection.4.4}{\376\377\0004\000.\0004\000\040\000I\000n\000d\000u\000k\000t\000i\000v\000i\000t\000\344\000t}{section.4}% 12
\BOOKMARK [2][-]{subsection.4.5}{\376\377\0004\000.\0005\000\040\000Q\000u\000e\000l\000l\000e\000n\000\040\000v\000o\000n\000\040\000W\000e\000c\000h\000s\000e\000l\000g\000r\000\366\000\337\000e\000n}{section.4}% 13
\BOOKMARK [2][-]{subsection.4.6}{\376\377\0004\000.\0006\000\040\000K\000o\000m\000p\000l\000e\000x\000e\000r\000\040\000S\000p\000a\000n\000n\000u\000n\000g\000s\000t\000e\000i\000l\000e\000r\000\040\000u\000n\000d\000\040\000k\000o\000m\000p\000l\000e\000x\000e\000r\000\040\000S\000t\000r\000o\000m\000t\000e\000i\000l\000e\000r}{section.4}% 14
\BOOKMARK [1][-]{section.5}{\376\377\0005\000\040\000E\000f\000f\000e\000k\000t\000i\000v\000w\000e\000r\000t}{}% 15
\BOOKMARK [2][-]{subsection.5.1}{\376\377\0005\000.\0001\000\040\000G\000r\000u\000n\000d\000l\000a\000g\000e\000n\000:\000\040\000Q\000u\000a\000d\000r\000a\000t\000i\000s\000c\000h\000e\000r\000\040\000M\000i\000t\000t\000e\000l\000w\000e\000r\000t\000\040\000u\000n\000d\000\040\000A\000d\000d\000i\000t\000i\000o\000n\000s\000t\000h\000e\000o\000r\000e\000m}{section.5}% 16
\BOOKMARK [2][-]{subsection.5.2}{\376\377\0005\000.\0002\000\040\000A\000m\000p\000l\000i\000t\000u\000d\000e}{section.5}% 17
\BOOKMARK [2][-]{subsection.5.3}{\376\377\0005\000.\0003\000\040\000K\000u\000r\000v\000e\000n\000f\000o\000r\000m}{section.5}% 18
\BOOKMARK [2][-]{subsection.5.4}{\376\377\0005\000.\0004\000\040\000E\000f\000f\000e\000k\000t\000i\000v\000w\000e\000r\000t}{section.5}% 19
\BOOKMARK [1][-]{section.6}{\376\377\0006\000\040\000S\000c\000h\000e\000i\000n\000l\000e\000i\000s\000t\000u\000n\000g\000,\000\040\000W\000i\000r\000k\000l\000e\000i\000s\000t\000u\000n\000g\000\040\000u\000n\000d\000\040\000B\000l\000i\000n\000d\000l\000e\000i\000s\000t\000u\000n\000g}{}% 20
\BOOKMARK [2][-]{subsection.6.1}{\376\377\0006\000.\0001\000\040\000G\000r\000u\000n\000d\000l\000a\000g\000e\000n\000:\000\040\000A\000d\000d\000i\000t\000i\000o\000n\000s\000t\000h\000e\000o\000r\000e\000m\000\040\000u\000n\000d\000\040\000A\000r\000i\000t\000h\000m\000e\000t\000i\000s\000c\000h\000e\000r\000\040\000M\000i\000t\000t\000e\000l\000w\000e\000r\000t}{section.6}% 21
\BOOKMARK [2][-]{subsection.6.2}{\376\377\0006\000.\0002\000\040\000W\000i\000r\000k\000l\000e\000i\000s\000t\000u\000n\000g\000\040\000u\000n\000d\000\040\000B\000l\000i\000n\000d\000l\000e\000i\000s\000t\000u\000n\000g}{section.6}% 22
\BOOKMARK [2][-]{subsection.6.3}{\376\377\0006\000.\0003\000\040\000S\000c\000h\000e\000i\000n\000l\000e\000i\000s\000t\000u\000n\000g}{section.6}% 23
\BOOKMARK [2][-]{subsection.6.4}{\376\377\0006\000.\0004\000\040\000L\000e\000i\000s\000t\000u\000n\000g\000\040\000u\000n\000d\000\040\000e\000l\000e\000k\000t\000r\000i\000s\000c\000h\000e\000\040\000E\000n\000e\000r\000g\000i\000e}{section.6}% 24
\BOOKMARK [1][-]{section.7}{\376\377\0007\000\040\000D\000r\000e\000h\000s\000t\000r\000o\000m}{}% 25
\BOOKMARK [2][-]{subsection.7.1}{\376\377\0007\000.\0001\000\040\000S\000y\000m\000m\000e\000t\000r\000i\000s\000c\000h\000e\000\040\000K\000o\000m\000p\000o\000n\000e\000n\000t\000e\000n}{section.7}% 26
\BOOKMARK [3][-]{subsubsection.7.1.1}{\376\377\0007\000.\0001\000.\0001\000\040\000V\000e\000r\000k\000e\000t\000t\000e\000t\000e\000\040\000S\000y\000s\000t\000e\000m\000e\000\040\000i\000m\000\040\000S\000t\000e\000r\000n}{subsection.7.1}% 27
\BOOKMARK [3][-]{subsubsection.7.1.2}{\376\377\0007\000.\0001\000.\0002\000\040\000V\000e\000r\000k\000e\000t\000t\000e\000t\000e\000\040\000S\000y\000s\000t\000e\000m\000e\000\040\000i\000m\000\040\000D\000r\000e\000i\000e\000c\000k}{subsection.7.1}% 28
\BOOKMARK [3][-]{subsubsection.7.1.3}{\376\377\0007\000.\0001\000.\0003\000\040\000L\000e\000i\000s\000t\000u\000n\000g\000\040\000i\000m\000\040\000s\000y\000m\000m\000e\000t\000r\000i\000s\000c\000h\000e\000n\000\040\000D\000r\000e\000h\000s\000t\000r\000o\000m\000n\000e\000t\000z}{subsection.7.1}% 29
\BOOKMARK [2][-]{subsection.7.2}{\376\377\0007\000.\0002\000\040\000U\000n\000s\000y\000m\000m\000e\000t\000r\000i\000s\000c\000h\000e\000\040\000K\000o\000m\000p\000o\000n\000e\000n\000t\000e\000n}{section.7}% 30
\BOOKMARK [3][-]{subsubsection.7.2.1}{\376\377\0007\000.\0002\000.\0001\000\040\000V\000i\000e\000r\000l\000e\000i\000t\000e\000r\000n\000e\000t\000z\000\040\000i\000n\000\040\000S\000t\000e\000r\000n\000s\000c\000h\000a\000l\000t\000u\000n\000g}{subsection.7.2}% 31
\BOOKMARK [3][-]{subsubsection.7.2.2}{\376\377\0007\000.\0002\000.\0002\000\040\000D\000r\000e\000i\000l\000e\000i\000t\000e\000r\000n\000e\000t\000z\000\040\000i\000n\000\040\000S\000t\000e\000r\000n\000s\000c\000h\000a\000l\000t\000u\000n\000g}{subsection.7.2}% 32
\BOOKMARK [3][-]{subsubsection.7.2.3}{\376\377\0007\000.\0002\000.\0003\000\040\000D\000r\000e\000i\000l\000e\000i\000t\000e\000r\000n\000e\000t\000z\000\040\000i\000n\000\040\000D\000r\000e\000i\000e\000c\000k\000s\000c\000h\000a\000l\000t\000u\000n\000g}{subsection.7.2}% 33
\BOOKMARK [1][-]{section.8}{\376\377\0008\000\040\000M\000e\000h\000r\000p\000h\000a\000s\000e\000n\000s\000y\000s\000t\000e\000m\000e\000\040\000-\000\040\000M\000i\000t\000s\000y\000s\000t\000e\000m\000,\000\040\000G\000e\000g\000e\000n\000s\000y\000s\000t\000e\000m\000\040\000u\000n\000d\000\040\000N\000u\000l\000l\000s\000y\000s\000t\000e\000m}{}% 34
\BOOKMARK [2][-]{subsection.8.1}{\376\377\0008\000.\0001\000\040\000M\000i\000t\000-\000,\000\040\000G\000e\000g\000e\000n\000-\000\040\000u\000n\000d\000\040\000N\000u\000l\000l\000s\000y\000s\000t\000e\000m}{section.8}% 35
\BOOKMARK [2][-]{subsection.8.2}{\376\377\0008\000.\0002\000\040\000D\000r\000e\000h\000s\000t\000r\000o\000m\000l\000e\000i\000s\000t\000u\000n\000g}{section.8}% 36
\BOOKMARK [2][-]{subsection.8.3}{\376\377\0008\000.\0003\000\040\000E\000r\000s\000a\000t\000z\000s\000c\000h\000a\000l\000t\000b\000i\000l\000d\000e\000r}{section.8}% 37
\BOOKMARK [3][-]{subsubsection.8.3.1}{\376\377\0008\000.\0003\000.\0001\000\040\000S\000y\000m\000m\000e\000t\000r\000i\000s\000c\000h\000e\000\040\000S\000p\000a\000n\000n\000u\000n\000g\000s\000q\000u\000e\000l\000l\000e}{subsection.8.3}% 38
\BOOKMARK [3][-]{subsubsection.8.3.2}{\376\377\0008\000.\0003\000.\0002\000\040\000S\000y\000m\000m\000e\000t\000r\000i\000s\000c\000h\000e\000\040\000L\000a\000s\000t}{subsection.8.3}% 39
\BOOKMARK [3][-]{subsubsection.8.3.3}{\376\377\0008\000.\0003\000.\0003\000\040\000S\000y\000m\000m\000e\000t\000r\000i\000s\000c\000h\000e\000\040\000L\000e\000i\000t\000u\000n\000g\000e\000n}{subsection.8.3}% 40
\BOOKMARK [1][-]{appendix.A}{\376\377\000A\000\040\000\334\000b\000u\000n\000g\000s\000a\000u\000f\000g\000a\000b\000e\000n}{}% 41
\BOOKMARK [2][-]{subsection.A.1}{\376\377\000A\000.\0001\000\040\000K\000o\000m\000p\000l\000e\000x\000e\000\040\000Z\000a\000h\000l\000e\000n\000\040\0001}{appendix.A}% 42
\BOOKMARK [2][-]{subsection.A.2}{\376\377\000A\000.\0002\000\040\000K\000o\000m\000p\000l\000e\000x\000e\000\040\000Z\000a\000h\000l\000e\000n\000\040\0002}{appendix.A}% 43
\BOOKMARK [2][-]{subsection.A.3}{\376\377\000A\000.\0003\000\040\000Z\000e\000i\000g\000e\000r\000d\000i\000a\000g\000r\000a\000m\000m\000e\000\040\0001}{appendix.A}% 44
\BOOKMARK [2][-]{subsection.A.4}{\376\377\000A\000.\0004\000\040\000K\000o\000m\000p\000l\000e\000x\000e\000\040\000W\000e\000c\000h\000s\000e\000l\000s\000t\000r\000o\000m\000r\000e\000c\000h\000n\000u\000n\000g\000\040\0001}{appendix.A}% 45
\BOOKMARK [2][-]{subsection.A.5}{\376\377\000A\000.\0005\000\040\000K\000o\000m\000p\000l\000e\000x\000e\000\040\000W\000e\000c\000h\000s\000e\000l\000s\000t\000r\000o\000m\000r\000e\000c\000h\000n\000u\000n\000g\000\040\0002}{appendix.A}% 46
\BOOKMARK [2][-]{subsection.A.6}{\376\377\000A\000.\0006\000\040\000E\000f\000f\000e\000k\000t\000i\000v\000w\000e\000r\000t\000\040\0001}{appendix.A}% 47
\BOOKMARK [2][-]{subsection.A.7}{\376\377\000A\000.\0007\000\040\000L\000e\000i\000s\000t\000u\000n\000g\000s\000b\000e\000r\000e\000c\000h\000n\000u\000n\000g\000\040\0001}{appendix.A}% 48
\BOOKMARK [2][-]{subsection.A.8}{\376\377\000A\000.\0008\000\040\000D\000r\000e\000h\000s\000t\000r\000o\000m\000\040\0001}{appendix.A}% 49
\BOOKMARK [2][-]{subsection.A.9}{\376\377\000A\000.\0009\000\040\000D\000r\000e\000h\000s\000t\000r\000o\000m\000\040\0002}{appendix.A}% 50
\BOOKMARK [2][-]{subsection.A.10}{\376\377\000A\000.\0001\0000\000\040\000M\000e\000h\000r\000p\000h\000a\000s\000e\000n\000s\000y\000s\000t\000e\000m\000e\000\040\0001}{appendix.A}% 51
\BOOKMARK [1][-]{appendix.B}{\376\377\000B\000\040\000L\000\366\000s\000u\000n\000g\000e\000n\000\040\000z\000u\000\040\000d\000e\000n\000\040\000\334\000b\000u\000n\000g\000s\000a\000u\000f\000g\000a\000b\000e\000n}{}% 52
\BOOKMARK [2][-]{subsection.B.1}{\376\377\000B\000.\0001\000\040\000K\000o\000m\000p\000l\000e\000x\000e\000\040\000Z\000a\000h\000l\000e\000n\000\040\0001}{appendix.B}% 53
\BOOKMARK [2][-]{subsection.B.2}{\376\377\000B\000.\0002\000\040\000K\000o\000m\000p\000l\000e\000x\000e\000\040\000Z\000a\000h\000l\000e\000n\000\040\0002}{appendix.B}% 54
\BOOKMARK [2][-]{subsection.B.3}{\376\377\000B\000.\0003\000\040\000Z\000e\000i\000g\000e\000r\000d\000i\000a\000g\000r\000a\000m\000m\000e\000\040\0001}{appendix.B}% 55
\BOOKMARK [2][-]{subsection.B.4}{\376\377\000B\000.\0004\000\040\000K\000o\000m\000p\000l\000e\000x\000e\000\040\000W\000e\000c\000h\000s\000e\000l\000s\000t\000r\000o\000m\000r\000e\000c\000h\000n\000u\000n\000g\000\040\0001}{appendix.B}% 56
\BOOKMARK [2][-]{subsection.B.5}{\376\377\000B\000.\0005\000\040\000K\000o\000m\000p\000l\000e\000x\000e\000\040\000W\000e\000c\000h\000s\000e\000l\000s\000t\000r\000o\000m\000r\000e\000c\000h\000n\000u\000n\000g\000\040\0002}{appendix.B}% 57
\BOOKMARK [2][-]{subsection.B.6}{\376\377\000B\000.\0006\000\040\000E\000f\000f\000e\000k\000t\000i\000v\000w\000e\000r\000t\000\040\0001}{appendix.B}% 58
\BOOKMARK [2][-]{subsection.B.7}{\376\377\000B\000.\0007\000\040\000L\000e\000i\000s\000t\000u\000n\000g\000s\000b\000e\000r\000e\000c\000h\000n\000u\000n\000g\000\040\0001}{appendix.B}% 59
\BOOKMARK [2][-]{subsection.B.8}{\376\377\000B\000.\0008\000\040\000D\000r\000e\000h\000s\000t\000r\000o\000m\000\040\0001}{appendix.B}% 60
\BOOKMARK [2][-]{subsection.B.9}{\376\377\000B\000.\0009\000\040\000D\000r\000e\000h\000s\000t\000r\000o\000m\000\040\0002}{appendix.B}% 61
\BOOKMARK [2][-]{subsection.B.10}{\376\377\000B\000.\0001\0000\000\040\000M\000e\000h\000r\000p\000h\000a\000s\000e\000n\000s\000y\000s\000t\000e\000m\000e\000\040\0001}{appendix.B}% 62
