\BOOKMARK [1][-]{section.1}{\376\377\0001\000\040\000E\000i\000n\000f\000\374\000h\000r\000u\000n\000g}{}% 1
\BOOKMARK [2][-]{subsection.1.1}{\376\377\0001\000.\0001\000\040\000A\000u\000s\000g\000l\000e\000i\000c\000h\000s\000v\000o\000r\000g\000\344\000n\000g\000e}{section.1}% 2
\BOOKMARK [2][-]{subsection.1.2}{\376\377\0001\000.\0002\000\040\000S\000c\000h\000a\000l\000t\000v\000o\000r\000g\000\344\000n\000g\000e}{section.1}% 3
\BOOKMARK [2][-]{subsection.1.3}{\376\377\0001\000.\0003\000\040\000B\000e\000i\000s\000p\000i\000e\000l\000e\000\040\000f\000\374\000r\000\040\000S\000c\000h\000a\000l\000t\000v\000o\000r\000g\000\344\000n\000g\000e}{section.1}% 4
\BOOKMARK [2][-]{subsection.1.4}{\376\377\0001\000.\0004\000\040\000V\000e\000r\000g\000l\000e\000i\000c\000h\000\040\000i\000d\000e\000a\000l\000e\000r\000\040\000u\000n\000d\000\040\000r\000e\000a\000l\000e\000r\000\040\000S\000c\000h\000a\000l\000t\000e\000r}{section.1}% 5
\BOOKMARK [1][-]{section.2}{\376\377\0002\000\040\000G\000r\000u\000n\000d\000l\000a\000g\000e\000n}{}% 6
\BOOKMARK [2][-]{subsection.2.1}{\376\377\0002\000.\0001\000\040\000D\000e\000f\000i\000n\000i\000t\000i\000o\000n\000e\000n}{section.2}% 7
\BOOKMARK [3][-]{subsubsection.2.1.1}{\376\377\0002\000.\0001\000.\0001\000\040\000E\000r\000l\000\344\000u\000t\000e\000r\000u\000n\000g\000e\000n}{subsection.2.1}% 8
\BOOKMARK [3][-]{subsubsection.2.1.2}{\376\377\0002\000.\0001\000.\0002\000\040\000D\000i\000s\000k\000u\000s\000s\000i\000o\000n\000\040\000u\000n\000d\000\040\000A\000b\000g\000r\000e\000n\000z\000u\000n\000g}{subsection.2.1}% 9
\BOOKMARK [2][-]{subsection.2.2}{\376\377\0002\000.\0002\000\040\000B\000e\000r\000e\000c\000h\000n\000u\000n\000g\000s\000m\000e\000t\000h\000o\000d\000e\000n\000\040\000f\000\374\000r\000\040\000S\000c\000h\000a\000l\000t\000v\000o\000r\000g\000\344\000n\000g\000e}{section.2}% 10
\BOOKMARK [2][-]{subsection.2.3}{\376\377\0002\000.\0003\000\040\000D\000i\000f\000f\000e\000r\000e\000n\000t\000i\000a\000l\000g\000l\000e\000i\000c\000h\000u\000n\000g\000e\000n}{section.2}% 11
\BOOKMARK [3][-]{subsubsection.2.3.1}{\376\377\0002\000.\0003\000.\0001\000\040\000E\000i\000g\000e\000n\000s\000c\000h\000a\000f\000t\000e\000n\000\040\000u\000n\000d\000\040\000a\000l\000l\000g\000e\000m\000e\000i\000n\000e\000\040\000F\000o\000r\000m}{subsection.2.3}% 12
\BOOKMARK [3][-]{subsubsection.2.3.2}{\376\377\0002\000.\0003\000.\0002\000\040\000O\000r\000d\000n\000u\000n\000g\000\040\000v\000o\000n\000\040\000D\000i\000f\000f\000e\000r\000e\000n\000t\000i\000a\000l\000g\000l\000e\000i\000c\000h\000u\000n\000g\000e\000n}{subsection.2.3}% 13
\BOOKMARK [2][-]{subsection.2.4}{\376\377\0002\000.\0004\000\040\000B\000e\000r\000e\000c\000h\000n\000u\000n\000g\000s\000v\000e\000r\000f\000a\000h\000r\000e\000n\000\040\000i\000m\000\040\000Z\000e\000i\000t\000b\000e\000r\000e\000i\000c\000h}{section.2}% 14
\BOOKMARK [3][-]{subsubsection.2.4.1}{\376\377\0002\000.\0004\000.\0001\000\040\000Z\000e\000r\000l\000e\000g\000u\000n\000g\000\040\000v\000o\000n\000\040\000A\000u\000s\000g\000l\000e\000i\000c\000h\000s\000v\000o\000r\000g\000\344\000n\000g\000e\000n\000\040\000u\000n\000d\000\040\000L\000\366\000s\000u\000n\000g\000\040\000d\000e\000r\000\040\000i\000n\000h\000o\000m\000o\000g\000e\000n\000e\000n\000\040\000D\000G\000L}{subsection.2.4}% 15
\BOOKMARK [3][-]{subsubsection.2.4.2}{\376\377\0002\000.\0004\000.\0002\000\040\000B\000e\000r\000e\000c\000h\000n\000u\000n\000g\000\040\000d\000e\000r\000\040\000h\000o\000m\000o\000g\000e\000n\000e\000n\000\040\000L\000\366\000s\000u\000n\000g}{subsection.2.4}% 16
\BOOKMARK [3][-]{subsubsection.2.4.3}{\376\377\0002\000.\0004\000.\0003\000\040\000B\000e\000r\000e\000c\000h\000n\000u\000n\000g\000\040\000d\000e\000r\000\040\000P\000a\000r\000t\000i\000k\000u\000l\000\344\000r\000e\000n\000\040\000L\000\366\000s\000u\000n\000g}{subsection.2.4}% 17
\BOOKMARK [3][-]{subsubsection.2.4.4}{\376\377\0002\000.\0004\000.\0004\000\040\000Z\000u\000s\000a\000m\000m\000e\000n\000f\000a\000s\000s\000u\000n\000g}{subsection.2.4}% 18
\BOOKMARK [1][-]{section.3}{\376\377\0003\000\040\000B\000e\000r\000e\000c\000h\000n\000u\000n\000g\000\040\000i\000m\000\040\000Z\000e\000i\000t\000b\000e\000r\000e\000i\000c\000h}{}% 19
\BOOKMARK [2][-]{subsection.3.1}{\376\377\0003\000.\0001\000\040\000b\000e\000i\000\040\000G\000l\000e\000i\000c\000h\000s\000p\000a\000n\000n\000u\000n\000g}{section.3}% 20
\BOOKMARK [3][-]{subsubsection.3.1.1}{\376\377\0003\000.\0001\000.\0001\000\040\000b\000e\000i\000\040\000K\000a\000p\000a\000z\000i\000t\000\344\000t\000e\000n}{subsection.3.1}% 21
\BOOKMARK [3][-]{subsubsection.3.1.2}{\376\377\0003\000.\0001\000.\0002\000\040\000b\000e\000i\000\040\000I\000n\000d\000u\000k\000t\000i\000v\000i\000t\000\344\000t\000e\000n}{subsection.3.1}% 22
\BOOKMARK [2][-]{subsection.3.2}{\376\377\0003\000.\0002\000\040\000b\000e\000i\000\040\000s\000i\000n\000u\000s\000f\000\366\000r\000m\000i\000g\000e\000r\000\040\000A\000n\000r\000e\000g\000u\000n\000g}{section.3}% 23
\BOOKMARK [3][-]{subsubsection.3.2.1}{\376\377\0003\000.\0002\000.\0001\000\040\000b\000e\000i\000\040\000K\000a\000p\000a\000z\000i\000t\000\344\000t\000e\000n}{subsection.3.2}% 24
\BOOKMARK [3][-]{subsubsection.3.2.2}{\376\377\0003\000.\0002\000.\0002\000\040\000b\000e\000i\000\040\000I\000n\000d\000u\000k\000t\000i\000v\000i\000t\000\344\000t\000e\000n}{subsection.3.2}% 25
\BOOKMARK [2][-]{subsection.3.3}{\376\377\0003\000.\0003\000\040\000b\000e\000i\000\040\000R\000L\000C\000-\000S\000e\000r\000i\000e\000n\000s\000c\000h\000w\000i\000n\000g\000k\000r\000e\000i\000s\000e\000n}{section.3}% 26
\BOOKMARK [3][-]{subsubsection.3.3.1}{\376\377\0003\000.\0003\000.\0001\000\040\000F\000a\000l\000l\000u\000n\000t\000e\000r\000s\000c\000h\000e\000i\000d\000u\000n\000g}{subsection.3.3}% 27
\BOOKMARK [3][-]{subsubsection.3.3.2}{\376\377\0003\000.\0003\000.\0002\000\040\000A\000p\000e\000r\000i\000o\000d\000i\000s\000c\000h\000e\000r\000\040\000F\000a\000l\000l}{subsection.3.3}% 28
\BOOKMARK [3][-]{subsubsection.3.3.3}{\376\377\0003\000.\0003\000.\0003\000\040\000A\000p\000e\000r\000i\000o\000d\000i\000s\000c\000h\000e\000r\000\040\000G\000r\000e\000n\000z\000f\000a\000l\000l}{subsection.3.3}% 29
\BOOKMARK [3][-]{subsubsection.3.3.4}{\376\377\0003\000.\0003\000.\0004\000\040\000P\000e\000r\000i\000o\000d\000i\000s\000c\000h\000e\000r\000\040\000F\000a\000l\000l}{subsection.3.3}% 30
\BOOKMARK [2][-]{subsection.3.4}{\376\377\0003\000.\0004\000\040\000E\000x\000k\000u\000r\000s\000e\000\040\000z\000u\000\040\000S\000e\000r\000i\000e\000n\000s\000c\000h\000w\000i\000n\000g\000k\000r\000e\000i\000s\000e\000n}{section.3}% 31
\BOOKMARK [3][-]{subsubsection.3.4.1}{\376\377\0003\000.\0004\000.\0001\000\040\000H\000e\000r\000l\000e\000i\000t\000u\000n\000g\000\040\000d\000e\000r\000\040\000h\000o\000m\000o\000g\000e\000n\000e\000n\000\040\000L\000\366\000s\000u\000n\000g\000\040\000i\000m\000\040\000p\000e\000r\000i\000o\000d\000i\000s\000c\000h\000e\000n\000\040\000F\000a\000l\000l}{subsection.3.4}% 32
\BOOKMARK [3][-]{subsubsection.3.4.2}{\376\377\0003\000.\0004\000.\0002\000\040\000O\000r\000t\000s\000k\000u\000r\000v\000e\000n\000d\000i\000a\000g\000r\000a\000m\000m\000,\000\040\000N\000u\000l\000l\000s\000t\000e\000l\000l\000e\000n}{subsection.3.4}% 33
\BOOKMARK [3][-]{subsubsection.3.4.3}{\376\377\0003\000.\0004\000.\0003\000\040\000A\000b\000k\000l\000i\000n\000g\000k\000o\000n\000s\000t\000a\000n\000t\000e\000,\000\040\000E\000i\000g\000e\000n\000-\000\040\000u\000n\000d\000\040\000R\000e\000s\000o\000n\000a\000n\000z\000k\000r\000e\000i\000s\000f\000r\000e\000q\000u\000e\000n\000z\000,\000\040\000G\000\374\000t\000e}{subsection.3.4}% 34
\BOOKMARK [1][-]{appendix.A}{\376\377\000A\000\040\000\334\000b\000u\000n\000g\000s\000a\000u\000f\000g\000a\000b\000e\000n}{}% 35
\BOOKMARK [2][-]{subsection.A.1}{\376\377\000A\000.\0001\000\040\000E\000i\000n\000s\000c\000h\000a\000l\000t\000v\000e\000r\000h\000a\000l\000t\000e\000n\000\040\000e\000i\000n\000e\000s\000\040\000R\000C\000-\000\334\000b\000e\000r\000t\000r\000a\000g\000u\000n\000g\000s\000g\000l\000i\000e\000d\000e\000s}{appendix.A}% 36
\BOOKMARK [2][-]{subsection.A.2}{\376\377\000A\000.\0002\000\040\000E\000i\000n\000s\000c\000h\000a\000l\000t\000v\000e\000r\000h\000a\000l\000t\000e\000n\000\040\000\050\000D\000C\000\051\000\040\000e\000i\000n\000e\000s\000\040\000v\000e\000r\000l\000u\000s\000t\000b\000e\000h\000a\000f\000t\000e\000t\000e\000n\000\040\000K\000o\000n\000d\000e\000n\000s\000a\000t\000o\000r\000s}{appendix.A}% 37
\BOOKMARK [2][-]{subsection.A.3}{\376\377\000A\000.\0003\000\040\000S\000c\000h\000a\000l\000t\000v\000e\000r\000h\000a\000l\000t\000e\000n\000\040\000e\000i\000n\000e\000r\000\040\000R\000L\000-\000S\000e\000r\000i\000e\000n\000s\000c\000h\000a\000l\000t\000u\000n\000g}{appendix.A}% 38
\BOOKMARK [2][-]{subsection.A.4}{\376\377\000A\000.\0004\000\040\000E\000i\000n\000s\000c\000h\000a\000l\000t\000v\000e\000r\000h\000a\000l\000t\000e\000n\000\040\000e\000i\000n\000e\000r\000\040\000R\000L\000-\000S\000e\000r\000i\000e\000n\000s\000c\000h\000a\000l\000t\000u\000n\000g}{appendix.A}% 39
\BOOKMARK [2][-]{subsection.A.5}{\376\377\000A\000.\0005\000\040\000E\000T\0003\000\040\000\334\0008\000\040\000S\000c\000h\000a\000l\000t\000v\000e\000r\000h\000a\000l\000t\000e\000n\000\040\000e\000i\000n\000e\000s\000\040\000R\000C\000-\000N\000e\000t\000z\000w\000e\000r\000k\000s}{appendix.A}% 40
\BOOKMARK [2][-]{subsection.A.6}{\376\377\000A\000.\0006\000\040\000S\000c\000h\000a\000l\000t\000v\000o\000r\000g\000a\000n\000g\000\040\000b\000e\000i\000\040\000W\000e\000c\000h\000s\000e\000l\000s\000p\000a\000n\000n\000u\000n\000g}{appendix.A}% 41
\BOOKMARK [1][-]{appendix.B}{\376\377\000B\000\040\000L\000\366\000s\000u\000n\000g\000e\000n\000\040\000z\000u\000\040\000d\000e\000n\000\040\000\334\000b\000u\000n\000g\000s\000a\000u\000f\000g\000a\000b\000e\000n}{}% 42
\BOOKMARK [2][-]{subsection.B.1}{\376\377\000B\000.\0001\000\040\000E\000i\000n\000s\000c\000h\000a\000l\000t\000v\000e\000r\000h\000a\000l\000t\000e\000n\000\040\000e\000i\000n\000e\000s\000\040\000R\000C\000-\000\334\000b\000e\000r\000t\000r\000a\000g\000u\000n\000g\000s\000g\000l\000i\000e\000d\000e\000s}{appendix.B}% 43
\BOOKMARK [2][-]{subsection.B.2}{\376\377\000B\000.\0002\000\040\000E\000i\000n\000s\000c\000h\000a\000l\000t\000v\000e\000r\000h\000a\000l\000t\000e\000n\000\040\000\050\000D\000C\000\051\000\040\000e\000i\000n\000e\000s\000\040\000v\000e\000r\000l\000u\000s\000t\000b\000e\000h\000a\000f\000t\000e\000t\000e\000n\000\040\000K\000o\000n\000d\000e\000n\000s\000a\000t\000o\000r\000s}{appendix.B}% 44
\BOOKMARK [2][-]{subsection.B.3}{\376\377\000B\000.\0003\000\040\000S\000c\000h\000a\000l\000t\000v\000e\000r\000h\000a\000l\000t\000e\000n\000\040\000e\000i\000n\000e\000r\000\040\000R\000L\000-\000S\000e\000r\000i\000e\000n\000s\000c\000h\000a\000l\000t\000u\000n\000g}{appendix.B}% 45
\BOOKMARK [2][-]{subsection.B.4}{\376\377\000B\000.\0004\000\040\000E\000i\000n\000s\000c\000h\000a\000l\000t\000v\000e\000r\000h\000a\000l\000t\000e\000n\000\040\000e\000i\000n\000e\000r\000\040\000R\000L\000-\000S\000e\000r\000i\000e\000n\000s\000c\000h\000a\000l\000t\000u\000n\000g}{appendix.B}% 46
\BOOKMARK [2][-]{subsection.B.5}{\376\377\000B\000.\0005\000\040\000E\000T\0003\000\040\000\334\0008\000\040\000S\000c\000h\000a\000l\000t\000v\000e\000r\000h\000a\000l\000t\000e\000n\000\040\000e\000i\000n\000e\000s\000\040\000R\000C\000-\000N\000e\000t\000z\000w\000e\000r\000k\000s}{appendix.B}% 47
\BOOKMARK [2][-]{subsection.B.6}{\376\377\000B\000.\0006\000\040\000S\000c\000h\000a\000l\000t\000v\000o\000r\000g\000a\000n\000g\000\040\000b\000e\000i\000\040\000W\000e\000c\000h\000s\000e\000l\000s\000p\000a\000n\000n\000u\000n\000g}{appendix.B}% 48
\BOOKMARK [1][-]{subsection.B.6}{\376\377\000L\000i\000t\000e\000r\000a\000t\000u\000r\000v\000e\000r\000z\000e\000i\000c\000h\000n\000i\000s}{}% 49
\BOOKMARK [1][-]{section*.29}{\376\377\000I\000n\000d\000e\000x}{}% 50
